###############################################################################
#
# IAR ELF Linker V9.32.1.338/W64 for ARM                  10/Apr/2023  18:14:29
# Copyright 2007-2022 IAR Systems AB.
#
#    Output file  =
#        C:\Users\obed.oyandut\OneDrive - D.Med Consulting
#        GmbH\Documents\Azure_RTOS\Guix_washing_machine_plus_source_files\sdram_debug\guix_washing_machine.out
#    Map file     =
#        C:\Users\obed.oyandut\OneDrive - D.Med Consulting
#        GmbH\Documents\Azure_RTOS\Guix_washing_machine_plus_source_files\sdram_debug\list\guix_washing_machine.map
#    Command line =
#        -f "C:\Users\obed.oyandut\OneDrive - D.Med Consulting
#        GmbH\Documents\Azure_RTOS\Guix_washing_machine_plus_source_files\sdram_debug\guix_washing_machine.out.rsp"
#        ("C:\Users\obed.oyandut\OneDrive - D.Med Consulting
#        GmbH\Documents\Azure_RTOS\Guix_washing_machine_plus_source_files\sdram_debug\obj\board\board.o"
#        "C:\Users\obed.oyandut\OneDrive - D.Med Consulting
#        GmbH\Documents\Azure_RTOS\Guix_washing_machine_plus_source_files\sdram_debug\obj\board\clock_config.o"
#        "C:\Users\obed.oyandut\OneDrive - D.Med Consulting
#        GmbH\Documents\Azure_RTOS\Guix_washing_machine_plus_source_files\sdram_debug\obj\board\dcd.o"
#        "C:\Users\obed.oyandut\OneDrive - D.Med Consulting
#        GmbH\Documents\Azure_RTOS\Guix_washing_machine_plus_source_files\sdram_debug\obj\xip\evkbimxrt1050_flexspi_nor_config.o"
#        "C:\Users\obed.oyandut\OneDrive - D.Med Consulting
#        GmbH\Documents\Azure_RTOS\Guix_washing_machine_plus_source_files\sdram_debug\obj\component\uart\fsl_adapter_lpuart.o"
#        "C:\Users\obed.oyandut\OneDrive - D.Med Consulting
#        GmbH\Documents\Azure_RTOS\Guix_washing_machine_plus_source_files\sdram_debug\obj\utilities\fsl_assert.o"
#        "C:\Users\obed.oyandut\OneDrive - D.Med Consulting
#        GmbH\Documents\Azure_RTOS\Guix_washing_machine_plus_source_files\sdram_debug\obj\drivers\fsl_clock.o"
#        "C:\Users\obed.oyandut\OneDrive - D.Med Consulting
#        GmbH\Documents\Azure_RTOS\Guix_washing_machine_plus_source_files\sdram_debug\obj\drivers\fsl_common.o"
#        "C:\Users\obed.oyandut\OneDrive - D.Med Consulting
#        GmbH\Documents\Azure_RTOS\Guix_washing_machine_plus_source_files\sdram_debug\obj\drivers\fsl_common_arm.o"
#        "C:\Users\obed.oyandut\OneDrive - D.Med Consulting
#        GmbH\Documents\Azure_RTOS\Guix_washing_machine_plus_source_files\sdram_debug\obj\component\lists\fsl_component_generic_list.o"
#        "C:\Users\obed.oyandut\OneDrive - D.Med Consulting
#        GmbH\Documents\Azure_RTOS\Guix_washing_machine_plus_source_files\sdram_debug\obj\component\serial_manager\fsl_component_serial_manager.o"
#        "C:\Users\obed.oyandut\OneDrive - D.Med Consulting
#        GmbH\Documents\Azure_RTOS\Guix_washing_machine_plus_source_files\sdram_debug\obj\component\serial_manager\fsl_component_serial_port_uart.o"
#        "C:\Users\obed.oyandut\OneDrive - D.Med Consulting
#        GmbH\Documents\Azure_RTOS\Guix_washing_machine_plus_source_files\sdram_debug\obj\video\fsl_dc_fb_elcdif.o"
#        "C:\Users\obed.oyandut\OneDrive - D.Med Consulting
#        GmbH\Documents\Azure_RTOS\Guix_washing_machine_plus_source_files\sdram_debug\obj\utilities\fsl_debug_console.o"
#        "C:\Users\obed.oyandut\OneDrive - D.Med Consulting
#        GmbH\Documents\Azure_RTOS\Guix_washing_machine_plus_source_files\sdram_debug\obj\drivers\fsl_elcdif.o"
#        "C:\Users\obed.oyandut\OneDrive - D.Med Consulting
#        GmbH\Documents\Azure_RTOS\Guix_washing_machine_plus_source_files\sdram_debug\obj\xip\fsl_flexspi_nor_boot.o"
#        "C:\Users\obed.oyandut\OneDrive - D.Med Consulting
#        GmbH\Documents\Azure_RTOS\Guix_washing_machine_plus_source_files\sdram_debug\obj\touchpanel\fsl_ft5406_rt.o"
#        "C:\Users\obed.oyandut\OneDrive - D.Med Consulting
#        GmbH\Documents\Azure_RTOS\Guix_washing_machine_plus_source_files\sdram_debug\obj\drivers\fsl_gpio.o"
#        "C:\Users\obed.oyandut\OneDrive - D.Med Consulting
#        GmbH\Documents\Azure_RTOS\Guix_washing_machine_plus_source_files\sdram_debug\obj\touchpanel\fsl_gt911.o"
#        "C:\Users\obed.oyandut\OneDrive - D.Med Consulting
#        GmbH\Documents\Azure_RTOS\Guix_washing_machine_plus_source_files\sdram_debug\obj\drivers\fsl_lpi2c.o"
#        "C:\Users\obed.oyandut\OneDrive - D.Med Consulting
#        GmbH\Documents\Azure_RTOS\Guix_washing_machine_plus_source_files\sdram_debug\obj\drivers\fsl_lpuart.o"
#        "C:\Users\obed.oyandut\OneDrive - D.Med Consulting
#        GmbH\Documents\Azure_RTOS\Guix_washing_machine_plus_source_files\sdram_debug\obj\drivers\fsl_pxp.o"
#        "C:\Users\obed.oyandut\OneDrive - D.Med Consulting
#        GmbH\Documents\Azure_RTOS\Guix_washing_machine_plus_source_files\sdram_debug\obj\utilities\fsl_str.o"
#        "C:\Users\obed.oyandut\OneDrive - D.Med Consulting
#        GmbH\Documents\Azure_RTOS\Guix_washing_machine_plus_source_files\sdram_debug\obj\video\fsl_video_common.o"
#        "C:\Users\obed.oyandut\OneDrive - D.Med Consulting
#        GmbH\Documents\Azure_RTOS\Guix_washing_machine_plus_source_files\sdram_debug\obj\source\garments.o"
#        "C:\Users\obed.oyandut\OneDrive - D.Med Consulting
#        GmbH\Documents\Azure_RTOS\Guix_washing_machine_plus_source_files\sdram_debug\obj\source\guix_washing_machine.o"
#        "C:\Users\obed.oyandut\OneDrive - D.Med Consulting
#        GmbH\Documents\Azure_RTOS\Guix_washing_machine_plus_source_files\sdram_debug\obj\azure-rtos\binary\guix\src\gx_accordion_menu_create.o"
#        "C:\Users\obed.oyandut\OneDrive - D.Med Consulting
#        GmbH\Documents\Azure_RTOS\Guix_washing_machine_plus_source_files\sdram_debug\obj\azure-rtos\binary\guix\src\gx_accordion_menu_draw.o"
#        "C:\Users\obed.oyandut\OneDrive - D.Med Consulting
#        GmbH\Documents\Azure_RTOS\Guix_washing_machine_plus_source_files\sdram_debug\obj\azure-rtos\binary\guix\src\gx_accordion_menu_event_process.o"
#        "C:\Users\obed.oyandut\OneDrive - D.Med Consulting
#        GmbH\Documents\Azure_RTOS\Guix_washing_machine_plus_source_files\sdram_debug\obj\azure-rtos\binary\guix\src\gx_accordion_menu_position.o"
#        "C:\Users\obed.oyandut\OneDrive - D.Med Consulting
#        GmbH\Documents\Azure_RTOS\Guix_washing_machine_plus_source_files\sdram_debug\obj\azure-rtos\binary\guix\src\gx_animation_canvas_define.o"
#        "C:\Users\obed.oyandut\OneDrive - D.Med Consulting
#        GmbH\Documents\Azure_RTOS\Guix_washing_machine_plus_source_files\sdram_debug\obj\azure-rtos\binary\guix\src\gx_animation_complete.o"
#        "C:\Users\obed.oyandut\OneDrive - D.Med Consulting
#        GmbH\Documents\Azure_RTOS\Guix_washing_machine_plus_source_files\sdram_debug\obj\azure-rtos\binary\guix\src\gx_animation_create.o"
#        "C:\Users\obed.oyandut\OneDrive - D.Med Consulting
#        GmbH\Documents\Azure_RTOS\Guix_washing_machine_plus_source_files\sdram_debug\obj\azure-rtos\binary\guix\src\gx_animation_delete.o"
#        "C:\Users\obed.oyandut\OneDrive - D.Med Consulting
#        GmbH\Documents\Azure_RTOS\Guix_washing_machine_plus_source_files\sdram_debug\obj\azure-rtos\binary\guix\src\gx_animation_drag_disable.o"
#        "C:\Users\obed.oyandut\OneDrive - D.Med Consulting
#        GmbH\Documents\Azure_RTOS\Guix_washing_machine_plus_source_files\sdram_debug\obj\azure-rtos\binary\guix\src\gx_animation_drag_enable.o"
#        "C:\Users\obed.oyandut\OneDrive - D.Med Consulting
#        GmbH\Documents\Azure_RTOS\Guix_washing_machine_plus_source_files\sdram_debug\obj\azure-rtos\binary\guix\src\gx_animation_drag_event_process.o"
#        "C:\Users\obed.oyandut\OneDrive - D.Med Consulting
#        GmbH\Documents\Azure_RTOS\Guix_washing_machine_plus_source_files\sdram_debug\obj\azure-rtos\binary\guix\src\gx_animation_drag_tracking.o"
#        "C:\Users\obed.oyandut\OneDrive - D.Med Consulting
#        GmbH\Documents\Azure_RTOS\Guix_washing_machine_plus_source_files\sdram_debug\obj\azure-rtos\binary\guix\src\gx_animation_drag_tracking_start.o"
#        "C:\Users\obed.oyandut\OneDrive - D.Med Consulting
#        GmbH\Documents\Azure_RTOS\Guix_washing_machine_plus_source_files\sdram_debug\obj\azure-rtos\binary\guix\src\gx_animation_landing_speed_set.o"
#        "C:\Users\obed.oyandut\OneDrive - D.Med Consulting
#        GmbH\Documents\Azure_RTOS\Guix_washing_machine_plus_source_files\sdram_debug\obj\azure-rtos\binary\guix\src\gx_animation_slide_landing.o"
#        "C:\Users\obed.oyandut\OneDrive - D.Med Consulting
#        GmbH\Documents\Azure_RTOS\Guix_washing_machine_plus_source_files\sdram_debug\obj\azure-rtos\binary\guix\src\gx_animation_slide_landing_start.o"
#        "C:\Users\obed.oyandut\OneDrive - D.Med Consulting
#        GmbH\Documents\Azure_RTOS\Guix_washing_machine_plus_source_files\sdram_debug\obj\azure-rtos\binary\guix\src\gx_animation_start.o"
#        "C:\Users\obed.oyandut\OneDrive - D.Med Consulting
#        GmbH\Documents\Azure_RTOS\Guix_washing_machine_plus_source_files\sdram_debug\obj\azure-rtos\binary\guix\src\gx_animation_stop.o"
#        "C:\Users\obed.oyandut\OneDrive - D.Med Consulting
#        GmbH\Documents\Azure_RTOS\Guix_washing_machine_plus_source_files\sdram_debug\obj\azure-rtos\binary\guix\src\gx_animation_update.o"
#        "C:\Users\obed.oyandut\OneDrive - D.Med Consulting
#        GmbH\Documents\Azure_RTOS\Guix_washing_machine_plus_source_files\sdram_debug\obj\azure-rtos\binary\guix\src\gx_binres_language_count_get.o"
#        "C:\Users\obed.oyandut\OneDrive - D.Med Consulting
#        GmbH\Documents\Azure_RTOS\Guix_washing_machine_plus_source_files\sdram_debug\obj\azure-rtos\binary\guix\src\gx_binres_language_info_load.o"
#        "C:\Users\obed.oyandut\OneDrive - D.Med Consulting
#        GmbH\Documents\Azure_RTOS\Guix_washing_machine_plus_source_files\sdram_debug\obj\azure-rtos\binary\guix\src\gx_binres_language_table_load.o"
#        "C:\Users\obed.oyandut\OneDrive - D.Med Consulting
#        GmbH\Documents\Azure_RTOS\Guix_washing_machine_plus_source_files\sdram_debug\obj\azure-rtos\binary\guix\src\gx_binres_theme_load.o"
#        "C:\Users\obed.oyandut\OneDrive - D.Med Consulting
#        GmbH\Documents\Azure_RTOS\Guix_washing_machine_plus_source_files\sdram_debug\obj\azure-rtos\binary\guix\src\gx_brush_default.o"
#        "C:\Users\obed.oyandut\OneDrive - D.Med Consulting
#        GmbH\Documents\Azure_RTOS\Guix_washing_machine_plus_source_files\sdram_debug\obj\azure-rtos\binary\guix\src\gx_brush_define.o"
#        "C:\Users\obed.oyandut\OneDrive - D.Med Consulting
#        GmbH\Documents\Azure_RTOS\Guix_washing_machine_plus_source_files\sdram_debug\obj\azure-rtos\binary\guix\src\gx_button_background_draw.o"
#        "C:\Users\obed.oyandut\OneDrive - D.Med Consulting
#        GmbH\Documents\Azure_RTOS\Guix_washing_machine_plus_source_files\sdram_debug\obj\azure-rtos\binary\guix\src\gx_button_create.o"
#        "C:\Users\obed.oyandut\OneDrive - D.Med Consulting
#        GmbH\Documents\Azure_RTOS\Guix_washing_machine_plus_source_files\sdram_debug\obj\azure-rtos\binary\guix\src\gx_button_deselect.o"
#        "C:\Users\obed.oyandut\OneDrive - D.Med Consulting
#        GmbH\Documents\Azure_RTOS\Guix_washing_machine_plus_source_files\sdram_debug\obj\azure-rtos\binary\guix\src\gx_button_draw.o"
#        "C:\Users\obed.oyandut\OneDrive - D.Med Consulting
#        GmbH\Documents\Azure_RTOS\Guix_washing_machine_plus_source_files\sdram_debug\obj\azure-rtos\binary\guix\src\gx_button_event_process.o"
#        "C:\Users\obed.oyandut\OneDrive - D.Med Consulting
#        GmbH\Documents\Azure_RTOS\Guix_washing_machine_plus_source_files\sdram_debug\obj\azure-rtos\binary\guix\src\gx_button_select.o"
#        "C:\Users\obed.oyandut\OneDrive - D.Med Consulting
#        GmbH\Documents\Azure_RTOS\Guix_washing_machine_plus_source_files\sdram_debug\obj\azure-rtos\binary\guix\src\gx_button_siblings_deselect.o"
#        "C:\Users\obed.oyandut\OneDrive - D.Med Consulting
#        GmbH\Documents\Azure_RTOS\Guix_washing_machine_plus_source_files\sdram_debug\obj\azure-rtos\binary\guix\src\gx_canvas_alpha_set.o"
#        "C:\Users\obed.oyandut\OneDrive - D.Med Consulting
#        GmbH\Documents\Azure_RTOS\Guix_washing_machine_plus_source_files\sdram_debug\obj\azure-rtos\binary\guix\src\gx_canvas_arc_draw.o"
#        "C:\Users\obed.oyandut\OneDrive - D.Med Consulting
#        GmbH\Documents\Azure_RTOS\Guix_washing_machine_plus_source_files\sdram_debug\obj\azure-rtos\binary\guix\src\gx_canvas_block_move.o"
#        "C:\Users\obed.oyandut\OneDrive - D.Med Consulting
#        GmbH\Documents\Azure_RTOS\Guix_washing_machine_plus_source_files\sdram_debug\obj\azure-rtos\binary\guix\src\gx_canvas_circle_draw.o"
#        "C:\Users\obed.oyandut\OneDrive - D.Med Consulting
#        GmbH\Documents\Azure_RTOS\Guix_washing_machine_plus_source_files\sdram_debug\obj\azure-rtos\binary\guix\src\gx_canvas_composite_create.o"
#        "C:\Users\obed.oyandut\OneDrive - D.Med Consulting
#        GmbH\Documents\Azure_RTOS\Guix_washing_machine_plus_source_files\sdram_debug\obj\azure-rtos\binary\guix\src\gx_canvas_create.o"
#        "C:\Users\obed.oyandut\OneDrive - D.Med Consulting
#        GmbH\Documents\Azure_RTOS\Guix_washing_machine_plus_source_files\sdram_debug\obj\azure-rtos\binary\guix\src\gx_canvas_delete.o"
#        "C:\Users\obed.oyandut\OneDrive - D.Med Consulting
#        GmbH\Documents\Azure_RTOS\Guix_washing_machine_plus_source_files\sdram_debug\obj\azure-rtos\binary\guix\src\gx_canvas_dirty_mark.o"
#        "C:\Users\obed.oyandut\OneDrive - D.Med Consulting
#        GmbH\Documents\Azure_RTOS\Guix_washing_machine_plus_source_files\sdram_debug\obj\azure-rtos\binary\guix\src\gx_canvas_drawing_complete.o"
#        "C:\Users\obed.oyandut\OneDrive - D.Med Consulting
#        GmbH\Documents\Azure_RTOS\Guix_washing_machine_plus_source_files\sdram_debug\obj\azure-rtos\binary\guix\src\gx_canvas_drawing_initiate.o"
#        "C:\Users\obed.oyandut\OneDrive - D.Med Consulting
#        GmbH\Documents\Azure_RTOS\Guix_washing_machine_plus_source_files\sdram_debug\obj\azure-rtos\binary\guix\src\gx_canvas_ellipse_draw.o"
#        "C:\Users\obed.oyandut\OneDrive - D.Med Consulting
#        GmbH\Documents\Azure_RTOS\Guix_washing_machine_plus_source_files\sdram_debug\obj\azure-rtos\binary\guix\src\gx_canvas_glyphs_draw.o"
#        "C:\Users\obed.oyandut\OneDrive - D.Med Consulting
#        GmbH\Documents\Azure_RTOS\Guix_washing_machine_plus_source_files\sdram_debug\obj\azure-rtos\binary\guix\src\gx_canvas_hardware_layer_bind.o"
#        "C:\Users\obed.oyandut\OneDrive - D.Med Consulting
#        GmbH\Documents\Azure_RTOS\Guix_washing_machine_plus_source_files\sdram_debug\obj\azure-rtos\binary\guix\src\gx_canvas_hide.o"
#        "C:\Users\obed.oyandut\OneDrive - D.Med Consulting
#        GmbH\Documents\Azure_RTOS\Guix_washing_machine_plus_source_files\sdram_debug\obj\azure-rtos\binary\guix\src\gx_canvas_line_draw.o"
#        "C:\Users\obed.oyandut\OneDrive - D.Med Consulting
#        GmbH\Documents\Azure_RTOS\Guix_washing_machine_plus_source_files\sdram_debug\obj\azure-rtos\binary\guix\src\gx_canvas_memory_define.o"
#        "C:\Users\obed.oyandut\OneDrive - D.Med Consulting
#        GmbH\Documents\Azure_RTOS\Guix_washing_machine_plus_source_files\sdram_debug\obj\azure-rtos\binary\guix\src\gx_canvas_mouse_define.o"
#        "C:\Users\obed.oyandut\OneDrive - D.Med Consulting
#        GmbH\Documents\Azure_RTOS\Guix_washing_machine_plus_source_files\sdram_debug\obj\azure-rtos\binary\guix\src\gx_canvas_mouse_hide.o"
#        "C:\Users\obed.oyandut\OneDrive - D.Med Consulting
#        GmbH\Documents\Azure_RTOS\Guix_washing_machine_plus_source_files\sdram_debug\obj\azure-rtos\binary\guix\src\gx_canvas_mouse_show.o"
#        "C:\Users\obed.oyandut\OneDrive - D.Med Consulting
#        GmbH\Documents\Azure_RTOS\Guix_washing_machine_plus_source_files\sdram_debug\obj\azure-rtos\binary\guix\src\gx_canvas_offset_set.o"
#        "C:\Users\obed.oyandut\OneDrive - D.Med Consulting
#        GmbH\Documents\Azure_RTOS\Guix_washing_machine_plus_source_files\sdram_debug\obj\azure-rtos\binary\guix\src\gx_canvas_pie_draw.o"
#        "C:\Users\obed.oyandut\OneDrive - D.Med Consulting
#        GmbH\Documents\Azure_RTOS\Guix_washing_machine_plus_source_files\sdram_debug\obj\azure-rtos\binary\guix\src\gx_canvas_pixel_draw.o"
#        "C:\Users\obed.oyandut\OneDrive - D.Med Consulting
#        GmbH\Documents\Azure_RTOS\Guix_washing_machine_plus_source_files\sdram_debug\obj\azure-rtos\binary\guix\src\gx_canvas_pixelmap_blend.o"
#        "C:\Users\obed.oyandut\OneDrive - D.Med Consulting
#        GmbH\Documents\Azure_RTOS\Guix_washing_machine_plus_source_files\sdram_debug\obj\azure-rtos\binary\guix\src\gx_canvas_pixelmap_draw.o"
#        "C:\Users\obed.oyandut\OneDrive - D.Med Consulting
#        GmbH\Documents\Azure_RTOS\Guix_washing_machine_plus_source_files\sdram_debug\obj\azure-rtos\binary\guix\src\gx_canvas_pixelmap_get.o"
#        "C:\Users\obed.oyandut\OneDrive - D.Med Consulting
#        GmbH\Documents\Azure_RTOS\Guix_washing_machine_plus_source_files\sdram_debug\obj\azure-rtos\binary\guix\src\gx_canvas_pixelmap_rotate.o"
#        "C:\Users\obed.oyandut\OneDrive - D.Med Consulting
#        GmbH\Documents\Azure_RTOS\Guix_washing_machine_plus_source_files\sdram_debug\obj\azure-rtos\binary\guix\src\gx_canvas_pixelmap_tile.o"
#        "C:\Users\obed.oyandut\OneDrive - D.Med Consulting
#        GmbH\Documents\Azure_RTOS\Guix_washing_machine_plus_source_files\sdram_debug\obj\azure-rtos\binary\guix\src\gx_canvas_polygon_draw.o"
#        "C:\Users\obed.oyandut\OneDrive - D.Med Consulting
#        GmbH\Documents\Azure_RTOS\Guix_washing_machine_plus_source_files\sdram_debug\obj\azure-rtos\binary\guix\src\gx_canvas_rectangle_draw.o"
#        "C:\Users\obed.oyandut\OneDrive - D.Med Consulting
#        GmbH\Documents\Azure_RTOS\Guix_washing_machine_plus_source_files\sdram_debug\obj\azure-rtos\binary\guix\src\gx_canvas_rotated_text_draw.o"
#        "C:\Users\obed.oyandut\OneDrive - D.Med Consulting
#        GmbH\Documents\Azure_RTOS\Guix_washing_machine_plus_source_files\sdram_debug\obj\azure-rtos\binary\guix\src\gx_canvas_shift.o"
#        "C:\Users\obed.oyandut\OneDrive - D.Med Consulting
#        GmbH\Documents\Azure_RTOS\Guix_washing_machine_plus_source_files\sdram_debug\obj\azure-rtos\binary\guix\src\gx_canvas_show.o"
#        "C:\Users\obed.oyandut\OneDrive - D.Med Consulting
#        GmbH\Documents\Azure_RTOS\Guix_washing_machine_plus_source_files\sdram_debug\obj\azure-rtos\binary\guix\src\gx_canvas_text_draw.o"
#        "C:\Users\obed.oyandut\OneDrive - D.Med Consulting
#        GmbH\Documents\Azure_RTOS\Guix_washing_machine_plus_source_files\sdram_debug\obj\azure-rtos\binary\guix\src\gx_checkbox_create.o"
#        "C:\Users\obed.oyandut\OneDrive - D.Med Consulting
#        GmbH\Documents\Azure_RTOS\Guix_washing_machine_plus_source_files\sdram_debug\obj\azure-rtos\binary\guix\src\gx_checkbox_draw.o"
#        "C:\Users\obed.oyandut\OneDrive - D.Med Consulting
#        GmbH\Documents\Azure_RTOS\Guix_washing_machine_plus_source_files\sdram_debug\obj\azure-rtos\binary\guix\src\gx_checkbox_event_process.o"
#        "C:\Users\obed.oyandut\OneDrive - D.Med Consulting
#        GmbH\Documents\Azure_RTOS\Guix_washing_machine_plus_source_files\sdram_debug\obj\azure-rtos\binary\guix\src\gx_checkbox_pixelmap_set.o"
#        "C:\Users\obed.oyandut\OneDrive - D.Med Consulting
#        GmbH\Documents\Azure_RTOS\Guix_washing_machine_plus_source_files\sdram_debug\obj\azure-rtos\binary\guix\src\gx_checkbox_select.o"
#        "C:\Users\obed.oyandut\OneDrive - D.Med Consulting
#        GmbH\Documents\Azure_RTOS\Guix_washing_machine_plus_source_files\sdram_debug\obj\azure-rtos\binary\guix\src\gx_circular_gauge_angle_get.o"
#        "C:\Users\obed.oyandut\OneDrive - D.Med Consulting
#        GmbH\Documents\Azure_RTOS\Guix_washing_machine_plus_source_files\sdram_debug\obj\azure-rtos\binary\guix\src\gx_circular_gauge_angle_increment_calculate.o"
#        "C:\Users\obed.oyandut\OneDrive - D.Med Consulting
#        GmbH\Documents\Azure_RTOS\Guix_washing_machine_plus_source_files\sdram_debug\obj\azure-rtos\binary\guix\src\gx_circular_gauge_angle_set.o"
#        "C:\Users\obed.oyandut\OneDrive - D.Med Consulting
#        GmbH\Documents\Azure_RTOS\Guix_washing_machine_plus_source_files\sdram_debug\obj\azure-rtos\binary\guix\src\gx_circular_gauge_animation_set.o"
#        "C:\Users\obed.oyandut\OneDrive - D.Med Consulting
#        GmbH\Documents\Azure_RTOS\Guix_washing_machine_plus_source_files\sdram_debug\obj\azure-rtos\binary\guix\src\gx_circular_gauge_background_draw.o"
#        "C:\Users\obed.oyandut\OneDrive - D.Med Consulting
#        GmbH\Documents\Azure_RTOS\Guix_washing_machine_plus_source_files\sdram_debug\obj\azure-rtos\binary\guix\src\gx_circular_gauge_create.o"
#        "C:\Users\obed.oyandut\OneDrive - D.Med Consulting
#        GmbH\Documents\Azure_RTOS\Guix_washing_machine_plus_source_files\sdram_debug\obj\azure-rtos\binary\guix\src\gx_circular_gauge_draw.o"
#        "C:\Users\obed.oyandut\OneDrive - D.Med Consulting
#        GmbH\Documents\Azure_RTOS\Guix_washing_machine_plus_source_files\sdram_debug\obj\azure-rtos\binary\guix\src\gx_circular_gauge_event_process.o"
#        "C:\Users\obed.oyandut\OneDrive - D.Med Consulting
#        GmbH\Documents\Azure_RTOS\Guix_washing_machine_plus_source_files\sdram_debug\obj\azure-rtos\binary\guix\src\gx_circular_gauge_needle_dirty_mark.o"
#        "C:\Users\obed.oyandut\OneDrive - D.Med Consulting
#        GmbH\Documents\Azure_RTOS\Guix_washing_machine_plus_source_files\sdram_debug\obj\azure-rtos\binary\guix\src\gx_circular_gauge_needle_rectangle_calculate.o"
#        "C:\Users\obed.oyandut\OneDrive - D.Med Consulting
#        GmbH\Documents\Azure_RTOS\Guix_washing_machine_plus_source_files\sdram_debug\obj\azure-rtos\binary\guix\src\gx_circular_gauge_needle_rotate.o"
#        "C:\Users\obed.oyandut\OneDrive - D.Med Consulting
#        GmbH\Documents\Azure_RTOS\Guix_washing_machine_plus_source_files\sdram_debug\obj\azure-rtos\binary\guix\src\gx_context_brush_default.o"
#        "C:\Users\obed.oyandut\OneDrive - D.Med Consulting
#        GmbH\Documents\Azure_RTOS\Guix_washing_machine_plus_source_files\sdram_debug\obj\azure-rtos\binary\guix\src\gx_context_brush_define.o"
#        "C:\Users\obed.oyandut\OneDrive - D.Med Consulting
#        GmbH\Documents\Azure_RTOS\Guix_washing_machine_plus_source_files\sdram_debug\obj\azure-rtos\binary\guix\src\gx_context_brush_get.o"
#        "C:\Users\obed.oyandut\OneDrive - D.Med Consulting
#        GmbH\Documents\Azure_RTOS\Guix_washing_machine_plus_source_files\sdram_debug\obj\azure-rtos\binary\guix\src\gx_context_brush_pattern_set.o"
#        "C:\Users\obed.oyandut\OneDrive - D.Med Consulting
#        GmbH\Documents\Azure_RTOS\Guix_washing_machine_plus_source_files\sdram_debug\obj\azure-rtos\binary\guix\src\gx_context_brush_set.o"
#        "C:\Users\obed.oyandut\OneDrive - D.Med Consulting
#        GmbH\Documents\Azure_RTOS\Guix_washing_machine_plus_source_files\sdram_debug\obj\azure-rtos\binary\guix\src\gx_context_brush_style_set.o"
#        "C:\Users\obed.oyandut\OneDrive - D.Med Consulting
#        GmbH\Documents\Azure_RTOS\Guix_washing_machine_plus_source_files\sdram_debug\obj\azure-rtos\binary\guix\src\gx_context_brush_width_set.o"
#        "C:\Users\obed.oyandut\OneDrive - D.Med Consulting
#        GmbH\Documents\Azure_RTOS\Guix_washing_machine_plus_source_files\sdram_debug\obj\azure-rtos\binary\guix\src\gx_context_color_get.o"
#        "C:\Users\obed.oyandut\OneDrive - D.Med Consulting
#        GmbH\Documents\Azure_RTOS\Guix_washing_machine_plus_source_files\sdram_debug\obj\azure-rtos\binary\guix\src\gx_context_fill_color_set.o"
#        "C:\Users\obed.oyandut\OneDrive - D.Med Consulting
#        GmbH\Documents\Azure_RTOS\Guix_washing_machine_plus_source_files\sdram_debug\obj\azure-rtos\binary\guix\src\gx_context_font_get.o"
#        "C:\Users\obed.oyandut\OneDrive - D.Med Consulting
#        GmbH\Documents\Azure_RTOS\Guix_washing_machine_plus_source_files\sdram_debug\obj\azure-rtos\binary\guix\src\gx_context_font_set.o"
#        "C:\Users\obed.oyandut\OneDrive - D.Med Consulting
#        GmbH\Documents\Azure_RTOS\Guix_washing_machine_plus_source_files\sdram_debug\obj\azure-rtos\binary\guix\src\gx_context_line_color_set.o"
#        "C:\Users\obed.oyandut\OneDrive - D.Med Consulting
#        GmbH\Documents\Azure_RTOS\Guix_washing_machine_plus_source_files\sdram_debug\obj\azure-rtos\binary\guix\src\gx_context_pixelmap_get.o"
#        "C:\Users\obed.oyandut\OneDrive - D.Med Consulting
#        GmbH\Documents\Azure_RTOS\Guix_washing_machine_plus_source_files\sdram_debug\obj\azure-rtos\binary\guix\src\gx_context_pixelmap_set.o"
#        "C:\Users\obed.oyandut\OneDrive - D.Med Consulting
#        GmbH\Documents\Azure_RTOS\Guix_washing_machine_plus_source_files\sdram_debug\obj\azure-rtos\binary\guix\src\gx_context_raw_brush_define.o"
#        "C:\Users\obed.oyandut\OneDrive - D.Med Consulting
#        GmbH\Documents\Azure_RTOS\Guix_washing_machine_plus_source_files\sdram_debug\obj\azure-rtos\binary\guix\src\gx_context_raw_fill_color_set.o"
#        "C:\Users\obed.oyandut\OneDrive - D.Med Consulting
#        GmbH\Documents\Azure_RTOS\Guix_washing_machine_plus_source_files\sdram_debug\obj\azure-rtos\binary\guix\src\gx_context_raw_line_color_set.o"
#        "C:\Users\obed.oyandut\OneDrive - D.Med Consulting
#        GmbH\Documents\Azure_RTOS\Guix_washing_machine_plus_source_files\sdram_debug\obj\azure-rtos\binary\guix\src\gx_context_string_get.o"
#        "C:\Users\obed.oyandut\OneDrive - D.Med Consulting
#        GmbH\Documents\Azure_RTOS\Guix_washing_machine_plus_source_files\sdram_debug\obj\azure-rtos\binary\guix\src\gx_display_active_language_set.o"
#        "C:\Users\obed.oyandut\OneDrive - D.Med Consulting
#        GmbH\Documents\Azure_RTOS\Guix_washing_machine_plus_source_files\sdram_debug\obj\azure-rtos\binary\guix\src\gx_display_canvas_dirty.o"
#        "C:\Users\obed.oyandut\OneDrive - D.Med Consulting
#        GmbH\Documents\Azure_RTOS\Guix_washing_machine_plus_source_files\sdram_debug\obj\azure-rtos\binary\guix\src\gx_display_color_set.o"
#        "C:\Users\obed.oyandut\OneDrive - D.Med Consulting
#        GmbH\Documents\Azure_RTOS\Guix_washing_machine_plus_source_files\sdram_debug\obj\azure-rtos\binary\guix\src\gx_display_color_table_set.o"
#        "C:\Users\obed.oyandut\OneDrive - D.Med Consulting
#        GmbH\Documents\Azure_RTOS\Guix_washing_machine_plus_source_files\sdram_debug\obj\azure-rtos\binary\guix\src\gx_display_create.o"
#        "C:\Users\obed.oyandut\OneDrive - D.Med Consulting
#        GmbH\Documents\Azure_RTOS\Guix_washing_machine_plus_source_files\sdram_debug\obj\azure-rtos\binary\guix\src\gx_display_delete.o"
#        "C:\Users\obed.oyandut\OneDrive - D.Med Consulting
#        GmbH\Documents\Azure_RTOS\Guix_washing_machine_plus_source_files\sdram_debug\obj\azure-rtos\binary\guix\src\gx_display_driver_1555xrgb_canvas_blend.o"
#        "C:\Users\obed.oyandut\OneDrive - D.Med Consulting
#        GmbH\Documents\Azure_RTOS\Guix_washing_machine_plus_source_files\sdram_debug\obj\azure-rtos\binary\guix\src\gx_display_driver_1555xrgb_jpeg_draw.o"
#        "C:\Users\obed.oyandut\OneDrive - D.Med Consulting
#        GmbH\Documents\Azure_RTOS\Guix_washing_machine_plus_source_files\sdram_debug\obj\azure-rtos\binary\guix\src\gx_display_driver_1555xrgb_native_color_get.o"
#        "C:\Users\obed.oyandut\OneDrive - D.Med Consulting
#        GmbH\Documents\Azure_RTOS\Guix_washing_machine_plus_source_files\sdram_debug\obj\azure-rtos\binary\guix\src\gx_display_driver_1555xrgb_pixel_blend.o"
#        "C:\Users\obed.oyandut\OneDrive - D.Med Consulting
#        GmbH\Documents\Azure_RTOS\Guix_washing_machine_plus_source_files\sdram_debug\obj\azure-rtos\binary\guix\src\gx_display_driver_1555xrgb_pixelmap_rotate.o"
#        "C:\Users\obed.oyandut\OneDrive - D.Med Consulting
#        GmbH\Documents\Azure_RTOS\Guix_washing_machine_plus_source_files\sdram_debug\obj\azure-rtos\binary\guix\src\gx_display_driver_1555xrgb_png_draw.o"
#        "C:\Users\obed.oyandut\OneDrive - D.Med Consulting
#        GmbH\Documents\Azure_RTOS\Guix_washing_machine_plus_source_files\sdram_debug\obj\azure-rtos\binary\guix\src\gx_display_driver_1555xrgb_setup.o"
#        "C:\Users\obed.oyandut\OneDrive - D.Med Consulting
#        GmbH\Documents\Azure_RTOS\Guix_washing_machine_plus_source_files\sdram_debug\obj\azure-rtos\binary\guix\src\gx_display_driver_16bpp_block_move.o"
#        "C:\Users\obed.oyandut\OneDrive - D.Med Consulting
#        GmbH\Documents\Azure_RTOS\Guix_washing_machine_plus_source_files\sdram_debug\obj\azure-rtos\binary\guix\src\gx_display_driver_16bpp_canvas_copy.o"
#        "C:\Users\obed.oyandut\OneDrive - D.Med Consulting
#        GmbH\Documents\Azure_RTOS\Guix_washing_machine_plus_source_files\sdram_debug\obj\azure-rtos\binary\guix\src\gx_display_driver_16bpp_horizontal_line_draw.o"
#        "C:\Users\obed.oyandut\OneDrive - D.Med Consulting
#        GmbH\Documents\Azure_RTOS\Guix_washing_machine_plus_source_files\sdram_debug\obj\azure-rtos\binary\guix\src\gx_display_driver_16bpp_horizontal_pattern_line_draw.o"
#        "C:\Users\obed.oyandut\OneDrive - D.Med Consulting
#        GmbH\Documents\Azure_RTOS\Guix_washing_machine_plus_source_files\sdram_debug\obj\azure-rtos\binary\guix\src\gx_display_driver_16bpp_mouse_capture.o"
#        "C:\Users\obed.oyandut\OneDrive - D.Med Consulting
#        GmbH\Documents\Azure_RTOS\Guix_washing_machine_plus_source_files\sdram_debug\obj\azure-rtos\binary\guix\src\gx_display_driver_16bpp_mouse_restore.o"
#        "C:\Users\obed.oyandut\OneDrive - D.Med Consulting
#        GmbH\Documents\Azure_RTOS\Guix_washing_machine_plus_source_files\sdram_debug\obj\azure-rtos\binary\guix\src\gx_display_driver_16bpp_pixel_write.o"
#        "C:\Users\obed.oyandut\OneDrive - D.Med Consulting
#        GmbH\Documents\Azure_RTOS\Guix_washing_machine_plus_source_files\sdram_debug\obj\azure-rtos\binary\guix\src\gx_display_driver_16bpp_pixelmap_blend.o"
#        "C:\Users\obed.oyandut\OneDrive - D.Med Consulting
#        GmbH\Documents\Azure_RTOS\Guix_washing_machine_plus_source_files\sdram_debug\obj\azure-rtos\binary\guix\src\gx_display_driver_16bpp_pixelmap_draw.o"
#        "C:\Users\obed.oyandut\OneDrive - D.Med Consulting
#        GmbH\Documents\Azure_RTOS\Guix_washing_machine_plus_source_files\sdram_debug\obj\azure-rtos\binary\guix\src\gx_display_driver_16bpp_pixelmap_rotate.o"
#        "C:\Users\obed.oyandut\OneDrive - D.Med Consulting
#        GmbH\Documents\Azure_RTOS\Guix_washing_machine_plus_source_files\sdram_debug\obj\azure-rtos\binary\guix\src\gx_display_driver_16bpp_rotated_block_move.o"
#        "C:\Users\obed.oyandut\OneDrive - D.Med Consulting
#        GmbH\Documents\Azure_RTOS\Guix_washing_machine_plus_source_files\sdram_debug\obj\azure-rtos\binary\guix\src\gx_display_driver_16bpp_rotated_canvas_copy.o"
#        "C:\Users\obed.oyandut\OneDrive - D.Med Consulting
#        GmbH\Documents\Azure_RTOS\Guix_washing_machine_plus_source_files\sdram_debug\obj\azure-rtos\binary\guix\src\gx_display_driver_16bpp_rotated_horizontal_line_draw.o"
#        "C:\Users\obed.oyandut\OneDrive - D.Med Consulting
#        GmbH\Documents\Azure_RTOS\Guix_washing_machine_plus_source_files\sdram_debug\obj\azure-rtos\binary\guix\src\gx_display_driver_16bpp_rotated_horizontal_pattern_line_draw.o"
#        "C:\Users\obed.oyandut\OneDrive - D.Med Consulting
#        GmbH\Documents\Azure_RTOS\Guix_washing_machine_plus_source_files\sdram_debug\obj\azure-rtos\binary\guix\src\gx_display_driver_16bpp_rotated_pixel_write.o"
#        "C:\Users\obed.oyandut\OneDrive - D.Med Consulting
#        GmbH\Documents\Azure_RTOS\Guix_washing_machine_plus_source_files\sdram_debug\obj\azure-rtos\binary\guix\src\gx_display_driver_16bpp_rotated_pixelmap_blend.o"
#        "C:\Users\obed.oyandut\OneDrive - D.Med Consulting
#        GmbH\Documents\Azure_RTOS\Guix_washing_machine_plus_source_files\sdram_debug\obj\azure-rtos\binary\guix\src\gx_display_driver_16bpp_rotated_pixelmap_draw.o"
#        "C:\Users\obed.oyandut\OneDrive - D.Med Consulting
#        GmbH\Documents\Azure_RTOS\Guix_washing_machine_plus_source_files\sdram_debug\obj\azure-rtos\binary\guix\src\gx_display_driver_16bpp_rotated_pixelmap_rotate.o"
#        "C:\Users\obed.oyandut\OneDrive - D.Med Consulting
#        GmbH\Documents\Azure_RTOS\Guix_washing_machine_plus_source_files\sdram_debug\obj\azure-rtos\binary\guix\src\gx_display_driver_16bpp_rotated_simple_line_draw.o"
#        "C:\Users\obed.oyandut\OneDrive - D.Med Consulting
#        GmbH\Documents\Azure_RTOS\Guix_washing_machine_plus_source_files\sdram_debug\obj\azure-rtos\binary\guix\src\gx_display_driver_16bpp_rotated_vertical_line_draw.o"
#        "C:\Users\obed.oyandut\OneDrive - D.Med Consulting
#        GmbH\Documents\Azure_RTOS\Guix_washing_machine_plus_source_files\sdram_debug\obj\azure-rtos\binary\guix\src\gx_display_driver_16bpp_rotated_vertical_pattern_line_draw.o"
#        "C:\Users\obed.oyandut\OneDrive - D.Med Consulting
#        GmbH\Documents\Azure_RTOS\Guix_washing_machine_plus_source_files\sdram_debug\obj\azure-rtos\binary\guix\src\gx_display_driver_16bpp_row_pitch_get.o"
#        "C:\Users\obed.oyandut\OneDrive - D.Med Consulting
#        GmbH\Documents\Azure_RTOS\Guix_washing_machine_plus_source_files\sdram_debug\obj\azure-rtos\binary\guix\src\gx_display_driver_16bpp_simple_line_draw.o"
#        "C:\Users\obed.oyandut\OneDrive - D.Med Consulting
#        GmbH\Documents\Azure_RTOS\Guix_washing_machine_plus_source_files\sdram_debug\obj\azure-rtos\binary\guix\src\gx_display_driver_16bpp_vertical_line_draw.o"
#        "C:\Users\obed.oyandut\OneDrive - D.Med Consulting
#        GmbH\Documents\Azure_RTOS\Guix_washing_machine_plus_source_files\sdram_debug\obj\azure-rtos\binary\guix\src\gx_display_driver_16bpp_vertical_pattern_line_draw.o"
#        "C:\Users\obed.oyandut\OneDrive - D.Med Consulting
#        GmbH\Documents\Azure_RTOS\Guix_washing_machine_plus_source_files\sdram_debug\obj\azure-rtos\binary\guix\src\gx_display_driver_1bpp_block_move.o"
#        "C:\Users\obed.oyandut\OneDrive - D.Med Consulting
#        GmbH\Documents\Azure_RTOS\Guix_washing_machine_plus_source_files\sdram_debug\obj\azure-rtos\binary\guix\src\gx_display_driver_1bpp_canvas_copy.o"
#        "C:\Users\obed.oyandut\OneDrive - D.Med Consulting
#        GmbH\Documents\Azure_RTOS\Guix_washing_machine_plus_source_files\sdram_debug\obj\azure-rtos\binary\guix\src\gx_display_driver_1bpp_glyph_1bpp_draw.o"
#        "C:\Users\obed.oyandut\OneDrive - D.Med Consulting
#        GmbH\Documents\Azure_RTOS\Guix_washing_machine_plus_source_files\sdram_debug\obj\azure-rtos\binary\guix\src\gx_display_driver_1bpp_horizontal_line_draw.o"
#        "C:\Users\obed.oyandut\OneDrive - D.Med Consulting
#        GmbH\Documents\Azure_RTOS\Guix_washing_machine_plus_source_files\sdram_debug\obj\azure-rtos\binary\guix\src\gx_display_driver_1bpp_horizontal_pattern_line_draw.o"
#        "C:\Users\obed.oyandut\OneDrive - D.Med Consulting
#        GmbH\Documents\Azure_RTOS\Guix_washing_machine_plus_source_files\sdram_debug\obj\azure-rtos\binary\guix\src\gx_display_driver_1bpp_horizontal_pixelmap_line_draw.o"
#        "C:\Users\obed.oyandut\OneDrive - D.Med Consulting
#        GmbH\Documents\Azure_RTOS\Guix_washing_machine_plus_source_files\sdram_debug\obj\azure-rtos\binary\guix\src\gx_display_driver_1bpp_mouse_capture.o"
#        "C:\Users\obed.oyandut\OneDrive - D.Med Consulting
#        GmbH\Documents\Azure_RTOS\Guix_washing_machine_plus_source_files\sdram_debug\obj\azure-rtos\binary\guix\src\gx_display_driver_1bpp_mouse_restore.o"
#        "C:\Users\obed.oyandut\OneDrive - D.Med Consulting
#        GmbH\Documents\Azure_RTOS\Guix_washing_machine_plus_source_files\sdram_debug\obj\azure-rtos\binary\guix\src\gx_display_driver_1bpp_native_color_get.o"
#        "C:\Users\obed.oyandut\OneDrive - D.Med Consulting
#        GmbH\Documents\Azure_RTOS\Guix_washing_machine_plus_source_files\sdram_debug\obj\azure-rtos\binary\guix\src\gx_display_driver_1bpp_pixel_write.o"
#        "C:\Users\obed.oyandut\OneDrive - D.Med Consulting
#        GmbH\Documents\Azure_RTOS\Guix_washing_machine_plus_source_files\sdram_debug\obj\azure-rtos\binary\guix\src\gx_display_driver_1bpp_pixelmap_draw.o"
#        "C:\Users\obed.oyandut\OneDrive - D.Med Consulting
#        GmbH\Documents\Azure_RTOS\Guix_washing_machine_plus_source_files\sdram_debug\obj\azure-rtos\binary\guix\src\gx_display_driver_1bpp_pixelmap_rotate.o"
#        "C:\Users\obed.oyandut\OneDrive - D.Med Consulting
#        GmbH\Documents\Azure_RTOS\Guix_washing_machine_plus_source_files\sdram_debug\obj\azure-rtos\binary\guix\src\gx_display_driver_1bpp_row_pitch_get.o"
#        "C:\Users\obed.oyandut\OneDrive - D.Med Consulting
#        GmbH\Documents\Azure_RTOS\Guix_washing_machine_plus_source_files\sdram_debug\obj\azure-rtos\binary\guix\src\gx_display_driver_1bpp_simple_line_draw.o"
#        "C:\Users\obed.oyandut\OneDrive - D.Med Consulting
#        GmbH\Documents\Azure_RTOS\Guix_washing_machine_plus_source_files\sdram_debug\obj\azure-rtos\binary\guix\src\gx_display_driver_1bpp_vertical_line_draw.o"
#        "C:\Users\obed.oyandut\OneDrive - D.Med Consulting
#        GmbH\Documents\Azure_RTOS\Guix_washing_machine_plus_source_files\sdram_debug\obj\azure-rtos\binary\guix\src\gx_display_driver_1bpp_vertical_pattern_line_draw.o"
#        "C:\Users\obed.oyandut\OneDrive - D.Med Consulting
#        GmbH\Documents\Azure_RTOS\Guix_washing_machine_plus_source_files\sdram_debug\obj\azure-rtos\binary\guix\src\gx_display_driver_24xrgb_canvas_blend.o"
#        "C:\Users\obed.oyandut\OneDrive - D.Med Consulting
#        GmbH\Documents\Azure_RTOS\Guix_washing_machine_plus_source_files\sdram_debug\obj\azure-rtos\binary\guix\src\gx_display_driver_24xrgb_jpeg_draw.o"
#        "C:\Users\obed.oyandut\OneDrive - D.Med Consulting
#        GmbH\Documents\Azure_RTOS\Guix_washing_machine_plus_source_files\sdram_debug\obj\azure-rtos\binary\guix\src\gx_display_driver_24xrgb_mouse_capture.o"
#        "C:\Users\obed.oyandut\OneDrive - D.Med Consulting
#        GmbH\Documents\Azure_RTOS\Guix_washing_machine_plus_source_files\sdram_debug\obj\azure-rtos\binary\guix\src\gx_display_driver_24xrgb_mouse_restore.o"
#        "C:\Users\obed.oyandut\OneDrive - D.Med Consulting
#        GmbH\Documents\Azure_RTOS\Guix_washing_machine_plus_source_files\sdram_debug\obj\azure-rtos\binary\guix\src\gx_display_driver_24xrgb_native_color_get.o"
#        "C:\Users\obed.oyandut\OneDrive - D.Med Consulting
#        GmbH\Documents\Azure_RTOS\Guix_washing_machine_plus_source_files\sdram_debug\obj\azure-rtos\binary\guix\src\gx_display_driver_24xrgb_pixel_blend.o"
#        "C:\Users\obed.oyandut\OneDrive - D.Med Consulting
#        GmbH\Documents\Azure_RTOS\Guix_washing_machine_plus_source_files\sdram_debug\obj\azure-rtos\binary\guix\src\gx_display_driver_24xrgb_pixelmap_blend.o"
#        "C:\Users\obed.oyandut\OneDrive - D.Med Consulting
#        GmbH\Documents\Azure_RTOS\Guix_washing_machine_plus_source_files\sdram_debug\obj\azure-rtos\binary\guix\src\gx_display_driver_24xrgb_png_draw.o"
#        "C:\Users\obed.oyandut\OneDrive - D.Med Consulting
#        GmbH\Documents\Azure_RTOS\Guix_washing_machine_plus_source_files\sdram_debug\obj\azure-rtos\binary\guix\src\gx_display_driver_24xrgb_rotated_canvas_blend.o"
#        "C:\Users\obed.oyandut\OneDrive - D.Med Consulting
#        GmbH\Documents\Azure_RTOS\Guix_washing_machine_plus_source_files\sdram_debug\obj\azure-rtos\binary\guix\src\gx_display_driver_24xrgb_rotated_jpeg_draw.o"
#        "C:\Users\obed.oyandut\OneDrive - D.Med Consulting
#        GmbH\Documents\Azure_RTOS\Guix_washing_machine_plus_source_files\sdram_debug\obj\azure-rtos\binary\guix\src\gx_display_driver_24xrgb_rotated_pixel_blend.o"
#        "C:\Users\obed.oyandut\OneDrive - D.Med Consulting
#        GmbH\Documents\Azure_RTOS\Guix_washing_machine_plus_source_files\sdram_debug\obj\azure-rtos\binary\guix\src\gx_display_driver_24xrgb_rotated_png_draw.o"
#        "C:\Users\obed.oyandut\OneDrive - D.Med Consulting
#        GmbH\Documents\Azure_RTOS\Guix_washing_machine_plus_source_files\sdram_debug\obj\azure-rtos\binary\guix\src\gx_display_driver_24xrgb_rotated_setup.o"
#        "C:\Users\obed.oyandut\OneDrive - D.Med Consulting
#        GmbH\Documents\Azure_RTOS\Guix_washing_machine_plus_source_files\sdram_debug\obj\azure-rtos\binary\guix\src\gx_display_driver_24xrgb_setup.o"
#        "C:\Users\obed.oyandut\OneDrive - D.Med Consulting
#        GmbH\Documents\Azure_RTOS\Guix_washing_machine_plus_source_files\sdram_debug\obj\azure-rtos\binary\guix\src\gx_display_driver_32argb_native_color_get.o"
#        "C:\Users\obed.oyandut\OneDrive - D.Med Consulting
#        GmbH\Documents\Azure_RTOS\Guix_washing_machine_plus_source_files\sdram_debug\obj\azure-rtos\binary\guix\src\gx_display_driver_32argb_pixel_blend.o"
#        "C:\Users\obed.oyandut\OneDrive - D.Med Consulting
#        GmbH\Documents\Azure_RTOS\Guix_washing_machine_plus_source_files\sdram_debug\obj\azure-rtos\binary\guix\src\gx_display_driver_32argb_pixelmap_blend.o"
#        "C:\Users\obed.oyandut\OneDrive - D.Med Consulting
#        GmbH\Documents\Azure_RTOS\Guix_washing_machine_plus_source_files\sdram_debug\obj\azure-rtos\binary\guix\src\gx_display_driver_32argb_pixelmap_draw.o"
#        "C:\Users\obed.oyandut\OneDrive - D.Med Consulting
#        GmbH\Documents\Azure_RTOS\Guix_washing_machine_plus_source_files\sdram_debug\obj\azure-rtos\binary\guix\src\gx_display_driver_32argb_rotated_pixel_blend.o"
#        "C:\Users\obed.oyandut\OneDrive - D.Med Consulting
#        GmbH\Documents\Azure_RTOS\Guix_washing_machine_plus_source_files\sdram_debug\obj\azure-rtos\binary\guix\src\gx_display_driver_32argb_rotated_setup.o"
#        "C:\Users\obed.oyandut\OneDrive - D.Med Consulting
#        GmbH\Documents\Azure_RTOS\Guix_washing_machine_plus_source_files\sdram_debug\obj\azure-rtos\binary\guix\src\gx_display_driver_32argb_setup.o"
#        "C:\Users\obed.oyandut\OneDrive - D.Med Consulting
#        GmbH\Documents\Azure_RTOS\Guix_washing_machine_plus_source_files\sdram_debug\obj\azure-rtos\binary\guix\src\gx_display_driver_32bpp_block_move.o"
#        "C:\Users\obed.oyandut\OneDrive - D.Med Consulting
#        GmbH\Documents\Azure_RTOS\Guix_washing_machine_plus_source_files\sdram_debug\obj\azure-rtos\binary\guix\src\gx_display_driver_32bpp_canvas_copy.o"
#        "C:\Users\obed.oyandut\OneDrive - D.Med Consulting
#        GmbH\Documents\Azure_RTOS\Guix_washing_machine_plus_source_files\sdram_debug\obj\azure-rtos\binary\guix\src\gx_display_driver_32bpp_glyph_1bit_draw.o"
#        "C:\Users\obed.oyandut\OneDrive - D.Med Consulting
#        GmbH\Documents\Azure_RTOS\Guix_washing_machine_plus_source_files\sdram_debug\obj\azure-rtos\binary\guix\src\gx_display_driver_32bpp_horizontal_line_draw.o"
#        "C:\Users\obed.oyandut\OneDrive - D.Med Consulting
#        GmbH\Documents\Azure_RTOS\Guix_washing_machine_plus_source_files\sdram_debug\obj\azure-rtos\binary\guix\src\gx_display_driver_32bpp_horizontal_pattern_line_draw.o"
#        "C:\Users\obed.oyandut\OneDrive - D.Med Consulting
#        GmbH\Documents\Azure_RTOS\Guix_washing_machine_plus_source_files\sdram_debug\obj\azure-rtos\binary\guix\src\gx_display_driver_32bpp_horizontal_pixelmap_line_draw.o"
#        "C:\Users\obed.oyandut\OneDrive - D.Med Consulting
#        GmbH\Documents\Azure_RTOS\Guix_washing_machine_plus_source_files\sdram_debug\obj\azure-rtos\binary\guix\src\gx_display_driver_32bpp_pixel_write.o"
#        "C:\Users\obed.oyandut\OneDrive - D.Med Consulting
#        GmbH\Documents\Azure_RTOS\Guix_washing_machine_plus_source_files\sdram_debug\obj\azure-rtos\binary\guix\src\gx_display_driver_32bpp_pixelmap_draw.o"
#        "C:\Users\obed.oyandut\OneDrive - D.Med Consulting
#        GmbH\Documents\Azure_RTOS\Guix_washing_machine_plus_source_files\sdram_debug\obj\azure-rtos\binary\guix\src\gx_display_driver_32bpp_pixelmap_rotate.o"
#        "C:\Users\obed.oyandut\OneDrive - D.Med Consulting
#        GmbH\Documents\Azure_RTOS\Guix_washing_machine_plus_source_files\sdram_debug\obj\azure-rtos\binary\guix\src\gx_display_driver_32bpp_rotated_block_move.o"
#        "C:\Users\obed.oyandut\OneDrive - D.Med Consulting
#        GmbH\Documents\Azure_RTOS\Guix_washing_machine_plus_source_files\sdram_debug\obj\azure-rtos\binary\guix\src\gx_display_driver_32bpp_rotated_canvas_copy.o"
#        "C:\Users\obed.oyandut\OneDrive - D.Med Consulting
#        GmbH\Documents\Azure_RTOS\Guix_washing_machine_plus_source_files\sdram_debug\obj\azure-rtos\binary\guix\src\gx_display_driver_32bpp_rotated_glyph_1bit_draw.o"
#        "C:\Users\obed.oyandut\OneDrive - D.Med Consulting
#        GmbH\Documents\Azure_RTOS\Guix_washing_machine_plus_source_files\sdram_debug\obj\azure-rtos\binary\guix\src\gx_display_driver_32bpp_rotated_horizontal_line_draw.o"
#        "C:\Users\obed.oyandut\OneDrive - D.Med Consulting
#        GmbH\Documents\Azure_RTOS\Guix_washing_machine_plus_source_files\sdram_debug\obj\azure-rtos\binary\guix\src\gx_display_driver_32bpp_rotated_horizontal_pattern_line_draw.o"
#        "C:\Users\obed.oyandut\OneDrive - D.Med Consulting
#        GmbH\Documents\Azure_RTOS\Guix_washing_machine_plus_source_files\sdram_debug\obj\azure-rtos\binary\guix\src\gx_display_driver_32bpp_rotated_horizontal_pixelmap_line_draw.o"
#        "C:\Users\obed.oyandut\OneDrive - D.Med Consulting
#        GmbH\Documents\Azure_RTOS\Guix_washing_machine_plus_source_files\sdram_debug\obj\azure-rtos\binary\guix\src\gx_display_driver_32bpp_rotated_pixel_write.o"
#        "C:\Users\obed.oyandut\OneDrive - D.Med Consulting
#        GmbH\Documents\Azure_RTOS\Guix_washing_machine_plus_source_files\sdram_debug\obj\azure-rtos\binary\guix\src\gx_display_driver_32bpp_rotated_pixelmap_blend.o"
#        "C:\Users\obed.oyandut\OneDrive - D.Med Consulting
#        GmbH\Documents\Azure_RTOS\Guix_washing_machine_plus_source_files\sdram_debug\obj\azure-rtos\binary\guix\src\gx_display_driver_32bpp_rotated_pixelmap_draw.o"
#        "C:\Users\obed.oyandut\OneDrive - D.Med Consulting
#        GmbH\Documents\Azure_RTOS\Guix_washing_machine_plus_source_files\sdram_debug\obj\azure-rtos\binary\guix\src\gx_display_driver_32bpp_rotated_pixelmap_rotate.o"
#        "C:\Users\obed.oyandut\OneDrive - D.Med Consulting
#        GmbH\Documents\Azure_RTOS\Guix_washing_machine_plus_source_files\sdram_debug\obj\azure-rtos\binary\guix\src\gx_display_driver_32bpp_rotated_simple_line_draw.o"
#        "C:\Users\obed.oyandut\OneDrive - D.Med Consulting
#        GmbH\Documents\Azure_RTOS\Guix_washing_machine_plus_source_files\sdram_debug\obj\azure-rtos\binary\guix\src\gx_display_driver_32bpp_rotated_vertical_line_draw.o"
#        "C:\Users\obed.oyandut\OneDrive - D.Med Consulting
#        GmbH\Documents\Azure_RTOS\Guix_washing_machine_plus_source_files\sdram_debug\obj\azure-rtos\binary\guix\src\gx_display_driver_32bpp_rotated_vertical_pattern_line_draw.o"
#        "C:\Users\obed.oyandut\OneDrive - D.Med Consulting
#        GmbH\Documents\Azure_RTOS\Guix_washing_machine_plus_source_files\sdram_debug\obj\azure-rtos\binary\guix\src\gx_display_driver_32bpp_row_pitch_get.o"
#        "C:\Users\obed.oyandut\OneDrive - D.Med Consulting
#        GmbH\Documents\Azure_RTOS\Guix_washing_machine_plus_source_files\sdram_debug\obj\azure-rtos\binary\guix\src\gx_display_driver_32bpp_simple_line_draw.o"
#        "C:\Users\obed.oyandut\OneDrive - D.Med Consulting
#        GmbH\Documents\Azure_RTOS\Guix_washing_machine_plus_source_files\sdram_debug\obj\azure-rtos\binary\guix\src\gx_display_driver_32bpp_vertical_line_draw.o"
#        "C:\Users\obed.oyandut\OneDrive - D.Med Consulting
#        GmbH\Documents\Azure_RTOS\Guix_washing_machine_plus_source_files\sdram_debug\obj\azure-rtos\binary\guix\src\gx_display_driver_32bpp_vertical_pattern_line_draw.o"
#        "C:\Users\obed.oyandut\OneDrive - D.Med Consulting
#        GmbH\Documents\Azure_RTOS\Guix_washing_machine_plus_source_files\sdram_debug\obj\azure-rtos\binary\guix\src\gx_display_driver_332rgb_native_color_get.o"
#        "C:\Users\obed.oyandut\OneDrive - D.Med Consulting
#        GmbH\Documents\Azure_RTOS\Guix_washing_machine_plus_source_files\sdram_debug\obj\azure-rtos\binary\guix\src\gx_display_driver_332rgb_pixel_blend.o"
#        "C:\Users\obed.oyandut\OneDrive - D.Med Consulting
#        GmbH\Documents\Azure_RTOS\Guix_washing_machine_plus_source_files\sdram_debug\obj\azure-rtos\binary\guix\src\gx_display_driver_332rgb_pixelmap_draw.o"
#        "C:\Users\obed.oyandut\OneDrive - D.Med Consulting
#        GmbH\Documents\Azure_RTOS\Guix_washing_machine_plus_source_files\sdram_debug\obj\azure-rtos\binary\guix\src\gx_display_driver_332rgb_pixelmap_rotate.o"
#        "C:\Users\obed.oyandut\OneDrive - D.Med Consulting
#        GmbH\Documents\Azure_RTOS\Guix_washing_machine_plus_source_files\sdram_debug\obj\azure-rtos\binary\guix\src\gx_display_driver_332rgb_setup.o"
#        "C:\Users\obed.oyandut\OneDrive - D.Med Consulting
#        GmbH\Documents\Azure_RTOS\Guix_washing_machine_plus_source_files\sdram_debug\obj\azure-rtos\binary\guix\src\gx_display_driver_4444argb_canvas_blend.o"
#        "C:\Users\obed.oyandut\OneDrive - D.Med Consulting
#        GmbH\Documents\Azure_RTOS\Guix_washing_machine_plus_source_files\sdram_debug\obj\azure-rtos\binary\guix\src\gx_display_driver_4444argb_horizontal_pixelmap_line_draw.o"
#        "C:\Users\obed.oyandut\OneDrive - D.Med Consulting
#        GmbH\Documents\Azure_RTOS\Guix_washing_machine_plus_source_files\sdram_debug\obj\azure-rtos\binary\guix\src\gx_display_driver_4444argb_native_color_get.o"
#        "C:\Users\obed.oyandut\OneDrive - D.Med Consulting
#        GmbH\Documents\Azure_RTOS\Guix_washing_machine_plus_source_files\sdram_debug\obj\azure-rtos\binary\guix\src\gx_display_driver_4444argb_pixel_blend.o"
#        "C:\Users\obed.oyandut\OneDrive - D.Med Consulting
#        GmbH\Documents\Azure_RTOS\Guix_washing_machine_plus_source_files\sdram_debug\obj\azure-rtos\binary\guix\src\gx_display_driver_4444argb_pixelmap_draw.o"
#        "C:\Users\obed.oyandut\OneDrive - D.Med Consulting
#        GmbH\Documents\Azure_RTOS\Guix_washing_machine_plus_source_files\sdram_debug\obj\azure-rtos\binary\guix\src\gx_display_driver_4444argb_pixelmap_rotate.o"
#        "C:\Users\obed.oyandut\OneDrive - D.Med Consulting
#        GmbH\Documents\Azure_RTOS\Guix_washing_machine_plus_source_files\sdram_debug\obj\azure-rtos\binary\guix\src\gx_display_driver_4444argb_setup.o"
#        "C:\Users\obed.oyandut\OneDrive - D.Med Consulting
#        GmbH\Documents\Azure_RTOS\Guix_washing_machine_plus_source_files\sdram_debug\obj\azure-rtos\binary\guix\src\gx_display_driver_4bpp_block_move.o"
#        "C:\Users\obed.oyandut\OneDrive - D.Med Consulting
#        GmbH\Documents\Azure_RTOS\Guix_washing_machine_plus_source_files\sdram_debug\obj\azure-rtos\binary\guix\src\gx_display_driver_4bpp_canvas_copy.o"
#        "C:\Users\obed.oyandut\OneDrive - D.Med Consulting
#        GmbH\Documents\Azure_RTOS\Guix_washing_machine_plus_source_files\sdram_debug\obj\azure-rtos\binary\guix\src\gx_display_driver_4bpp_glyph_1bit_draw.o"
#        "C:\Users\obed.oyandut\OneDrive - D.Med Consulting
#        GmbH\Documents\Azure_RTOS\Guix_washing_machine_plus_source_files\sdram_debug\obj\azure-rtos\binary\guix\src\gx_display_driver_4bpp_glyph_4bit_draw.o"
#        "C:\Users\obed.oyandut\OneDrive - D.Med Consulting
#        GmbH\Documents\Azure_RTOS\Guix_washing_machine_plus_source_files\sdram_debug\obj\azure-rtos\binary\guix\src\gx_display_driver_4bpp_grayscale_setup.o"
#        "C:\Users\obed.oyandut\OneDrive - D.Med Consulting
#        GmbH\Documents\Azure_RTOS\Guix_washing_machine_plus_source_files\sdram_debug\obj\azure-rtos\binary\guix\src\gx_display_driver_4bpp_horizontal_line_draw.o"
#        "C:\Users\obed.oyandut\OneDrive - D.Med Consulting
#        GmbH\Documents\Azure_RTOS\Guix_washing_machine_plus_source_files\sdram_debug\obj\azure-rtos\binary\guix\src\gx_display_driver_4bpp_horizontal_pattern_line_draw.o"
#        "C:\Users\obed.oyandut\OneDrive - D.Med Consulting
#        GmbH\Documents\Azure_RTOS\Guix_washing_machine_plus_source_files\sdram_debug\obj\azure-rtos\binary\guix\src\gx_display_driver_4bpp_horizontal_pixelmap_line_draw.o"
#        "C:\Users\obed.oyandut\OneDrive - D.Med Consulting
#        GmbH\Documents\Azure_RTOS\Guix_washing_machine_plus_source_files\sdram_debug\obj\azure-rtos\binary\guix\src\gx_display_driver_4bpp_mouse_capture.o"
#        "C:\Users\obed.oyandut\OneDrive - D.Med Consulting
#        GmbH\Documents\Azure_RTOS\Guix_washing_machine_plus_source_files\sdram_debug\obj\azure-rtos\binary\guix\src\gx_display_driver_4bpp_mouse_restore.o"
#        "C:\Users\obed.oyandut\OneDrive - D.Med Consulting
#        GmbH\Documents\Azure_RTOS\Guix_washing_machine_plus_source_files\sdram_debug\obj\azure-rtos\binary\guix\src\gx_display_driver_4bpp_native_color_get.o"
#        "C:\Users\obed.oyandut\OneDrive - D.Med Consulting
#        GmbH\Documents\Azure_RTOS\Guix_washing_machine_plus_source_files\sdram_debug\obj\azure-rtos\binary\guix\src\gx_display_driver_4bpp_pixel_write.o"
#        "C:\Users\obed.oyandut\OneDrive - D.Med Consulting
#        GmbH\Documents\Azure_RTOS\Guix_washing_machine_plus_source_files\sdram_debug\obj\azure-rtos\binary\guix\src\gx_display_driver_4bpp_pixelmap_draw.o"
#        "C:\Users\obed.oyandut\OneDrive - D.Med Consulting
#        GmbH\Documents\Azure_RTOS\Guix_washing_machine_plus_source_files\sdram_debug\obj\azure-rtos\binary\guix\src\gx_display_driver_4bpp_pixelmap_rotate.o"
#        "C:\Users\obed.oyandut\OneDrive - D.Med Consulting
#        GmbH\Documents\Azure_RTOS\Guix_washing_machine_plus_source_files\sdram_debug\obj\azure-rtos\binary\guix\src\gx_display_driver_4bpp_row_pitch_get.o"
#        "C:\Users\obed.oyandut\OneDrive - D.Med Consulting
#        GmbH\Documents\Azure_RTOS\Guix_washing_machine_plus_source_files\sdram_debug\obj\azure-rtos\binary\guix\src\gx_display_driver_4bpp_simple_line_draw.o"
#        "C:\Users\obed.oyandut\OneDrive - D.Med Consulting
#        GmbH\Documents\Azure_RTOS\Guix_washing_machine_plus_source_files\sdram_debug\obj\azure-rtos\binary\guix\src\gx_display_driver_4bpp_vertical_line_draw.o"
#        "C:\Users\obed.oyandut\OneDrive - D.Med Consulting
#        GmbH\Documents\Azure_RTOS\Guix_washing_machine_plus_source_files\sdram_debug\obj\azure-rtos\binary\guix\src\gx_display_driver_4bpp_vertical_pattern_line_draw.o"
#        "C:\Users\obed.oyandut\OneDrive - D.Med Consulting
#        GmbH\Documents\Azure_RTOS\Guix_washing_machine_plus_source_files\sdram_debug\obj\azure-rtos\binary\guix\src\gx_display_driver_565rgb_canvas_blend.o"
#        "C:\Users\obed.oyandut\OneDrive - D.Med Consulting
#        GmbH\Documents\Azure_RTOS\Guix_washing_machine_plus_source_files\sdram_debug\obj\azure-rtos\binary\guix\src\gx_display_driver_565rgb_glyph_1bit_draw.o"
#        "C:\Users\obed.oyandut\OneDrive - D.Med Consulting
#        GmbH\Documents\Azure_RTOS\Guix_washing_machine_plus_source_files\sdram_debug\obj\azure-rtos\binary\guix\src\gx_display_driver_565rgb_horizontal_pixelmap_line_draw.o"
#        "C:\Users\obed.oyandut\OneDrive - D.Med Consulting
#        GmbH\Documents\Azure_RTOS\Guix_washing_machine_plus_source_files\sdram_debug\obj\azure-rtos\binary\guix\src\gx_display_driver_565rgb_jpeg_draw.o"
#        "C:\Users\obed.oyandut\OneDrive - D.Med Consulting
#        GmbH\Documents\Azure_RTOS\Guix_washing_machine_plus_source_files\sdram_debug\obj\azure-rtos\binary\guix\src\gx_display_driver_565rgb_native_color_get.o"
#        "C:\Users\obed.oyandut\OneDrive - D.Med Consulting
#        GmbH\Documents\Azure_RTOS\Guix_washing_machine_plus_source_files\sdram_debug\obj\azure-rtos\binary\guix\src\gx_display_driver_565rgb_pixel_blend.o"
#        "C:\Users\obed.oyandut\OneDrive - D.Med Consulting
#        GmbH\Documents\Azure_RTOS\Guix_washing_machine_plus_source_files\sdram_debug\obj\azure-rtos\binary\guix\src\gx_display_driver_565rgb_png_draw.o"
#        "C:\Users\obed.oyandut\OneDrive - D.Med Consulting
#        GmbH\Documents\Azure_RTOS\Guix_washing_machine_plus_source_files\sdram_debug\obj\azure-rtos\binary\guix\src\gx_display_driver_565rgb_rotated_canvas_blend.o"
#        "C:\Users\obed.oyandut\OneDrive - D.Med Consulting
#        GmbH\Documents\Azure_RTOS\Guix_washing_machine_plus_source_files\sdram_debug\obj\azure-rtos\binary\guix\src\gx_display_driver_565rgb_rotated_glyph_1bit_draw.o"
#        "C:\Users\obed.oyandut\OneDrive - D.Med Consulting
#        GmbH\Documents\Azure_RTOS\Guix_washing_machine_plus_source_files\sdram_debug\obj\azure-rtos\binary\guix\src\gx_display_driver_565rgb_rotated_horizontal_pixelmap_line_draw.o"
#        "C:\Users\obed.oyandut\OneDrive - D.Med Consulting
#        GmbH\Documents\Azure_RTOS\Guix_washing_machine_plus_source_files\sdram_debug\obj\azure-rtos\binary\guix\src\gx_display_driver_565rgb_rotated_jpeg_draw.o"
#        "C:\Users\obed.oyandut\OneDrive - D.Med Consulting
#        GmbH\Documents\Azure_RTOS\Guix_washing_machine_plus_source_files\sdram_debug\obj\azure-rtos\binary\guix\src\gx_display_driver_565rgb_rotated_pixel_blend.o"
#        "C:\Users\obed.oyandut\OneDrive - D.Med Consulting
#        GmbH\Documents\Azure_RTOS\Guix_washing_machine_plus_source_files\sdram_debug\obj\azure-rtos\binary\guix\src\gx_display_driver_565rgb_rotated_png_draw.o"
#        "C:\Users\obed.oyandut\OneDrive - D.Med Consulting
#        GmbH\Documents\Azure_RTOS\Guix_washing_machine_plus_source_files\sdram_debug\obj\azure-rtos\binary\guix\src\gx_display_driver_565rgb_rotated_setup.o"
#        "C:\Users\obed.oyandut\OneDrive - D.Med Consulting
#        GmbH\Documents\Azure_RTOS\Guix_washing_machine_plus_source_files\sdram_debug\obj\azure-rtos\binary\guix\src\gx_display_driver_565rgb_setup.o"
#        "C:\Users\obed.oyandut\OneDrive - D.Med Consulting
#        GmbH\Documents\Azure_RTOS\Guix_washing_machine_plus_source_files\sdram_debug\obj\azure-rtos\binary\guix\src\gx_display_driver_8bit_palette_native_color_get.o"
#        "C:\Users\obed.oyandut\OneDrive - D.Med Consulting
#        GmbH\Documents\Azure_RTOS\Guix_washing_machine_plus_source_files\sdram_debug\obj\azure-rtos\binary\guix\src\gx_display_driver_8bit_palette_rotated_setup.o"
#        "C:\Users\obed.oyandut\OneDrive - D.Med Consulting
#        GmbH\Documents\Azure_RTOS\Guix_washing_machine_plus_source_files\sdram_debug\obj\azure-rtos\binary\guix\src\gx_display_driver_8bit_palette_setup.o"
#        "C:\Users\obed.oyandut\OneDrive - D.Med Consulting
#        GmbH\Documents\Azure_RTOS\Guix_washing_machine_plus_source_files\sdram_debug\obj\azure-rtos\binary\guix\src\gx_display_driver_8bpp_block_move.o"
#        "C:\Users\obed.oyandut\OneDrive - D.Med Consulting
#        GmbH\Documents\Azure_RTOS\Guix_washing_machine_plus_source_files\sdram_debug\obj\azure-rtos\binary\guix\src\gx_display_driver_8bpp_canvas_copy.o"
#        "C:\Users\obed.oyandut\OneDrive - D.Med Consulting
#        GmbH\Documents\Azure_RTOS\Guix_washing_machine_plus_source_files\sdram_debug\obj\azure-rtos\binary\guix\src\gx_display_driver_8bpp_glyph_1bit_draw.o"
#        "C:\Users\obed.oyandut\OneDrive - D.Med Consulting
#        GmbH\Documents\Azure_RTOS\Guix_washing_machine_plus_source_files\sdram_debug\obj\azure-rtos\binary\guix\src\gx_display_driver_8bpp_glyph_3bit_draw.o"
#        "C:\Users\obed.oyandut\OneDrive - D.Med Consulting
#        GmbH\Documents\Azure_RTOS\Guix_washing_machine_plus_source_files\sdram_debug\obj\azure-rtos\binary\guix\src\gx_display_driver_8bpp_glyph_4bit_draw.o"
#        "C:\Users\obed.oyandut\OneDrive - D.Med Consulting
#        GmbH\Documents\Azure_RTOS\Guix_washing_machine_plus_source_files\sdram_debug\obj\azure-rtos\binary\guix\src\gx_display_driver_8bpp_horizontal_line_draw.o"
#        "C:\Users\obed.oyandut\OneDrive - D.Med Consulting
#        GmbH\Documents\Azure_RTOS\Guix_washing_machine_plus_source_files\sdram_debug\obj\azure-rtos\binary\guix\src\gx_display_driver_8bpp_horizontal_pattern_line_draw.o"
#        "C:\Users\obed.oyandut\OneDrive - D.Med Consulting
#        GmbH\Documents\Azure_RTOS\Guix_washing_machine_plus_source_files\sdram_debug\obj\azure-rtos\binary\guix\src\gx_display_driver_8bpp_horizontal_pixelmap_line_draw.o"
#        "C:\Users\obed.oyandut\OneDrive - D.Med Consulting
#        GmbH\Documents\Azure_RTOS\Guix_washing_machine_plus_source_files\sdram_debug\obj\azure-rtos\binary\guix\src\gx_display_driver_8bpp_mouse_capture.o"
#        "C:\Users\obed.oyandut\OneDrive - D.Med Consulting
#        GmbH\Documents\Azure_RTOS\Guix_washing_machine_plus_source_files\sdram_debug\obj\azure-rtos\binary\guix\src\gx_display_driver_8bpp_mouse_restore.o"
#        "C:\Users\obed.oyandut\OneDrive - D.Med Consulting
#        GmbH\Documents\Azure_RTOS\Guix_washing_machine_plus_source_files\sdram_debug\obj\azure-rtos\binary\guix\src\gx_display_driver_8bpp_pixel_write.o"
#        "C:\Users\obed.oyandut\OneDrive - D.Med Consulting
#        GmbH\Documents\Azure_RTOS\Guix_washing_machine_plus_source_files\sdram_debug\obj\azure-rtos\binary\guix\src\gx_display_driver_8bpp_pixelmap_blend.o"
#        "C:\Users\obed.oyandut\OneDrive - D.Med Consulting
#        GmbH\Documents\Azure_RTOS\Guix_washing_machine_plus_source_files\sdram_debug\obj\azure-rtos\binary\guix\src\gx_display_driver_8bpp_pixelmap_draw.o"
#        "C:\Users\obed.oyandut\OneDrive - D.Med Consulting
#        GmbH\Documents\Azure_RTOS\Guix_washing_machine_plus_source_files\sdram_debug\obj\azure-rtos\binary\guix\src\gx_display_driver_8bpp_pixelmap_rotate.o"
#        "C:\Users\obed.oyandut\OneDrive - D.Med Consulting
#        GmbH\Documents\Azure_RTOS\Guix_washing_machine_plus_source_files\sdram_debug\obj\azure-rtos\binary\guix\src\gx_display_driver_8bpp_rotated_block_move.o"
#        "C:\Users\obed.oyandut\OneDrive - D.Med Consulting
#        GmbH\Documents\Azure_RTOS\Guix_washing_machine_plus_source_files\sdram_debug\obj\azure-rtos\binary\guix\src\gx_display_driver_8bpp_rotated_canvas_copy.o"
#        "C:\Users\obed.oyandut\OneDrive - D.Med Consulting
#        GmbH\Documents\Azure_RTOS\Guix_washing_machine_plus_source_files\sdram_debug\obj\azure-rtos\binary\guix\src\gx_display_driver_8bpp_rotated_glyph_1bit_draw.o"
#        "C:\Users\obed.oyandut\OneDrive - D.Med Consulting
#        GmbH\Documents\Azure_RTOS\Guix_washing_machine_plus_source_files\sdram_debug\obj\azure-rtos\binary\guix\src\gx_display_driver_8bpp_rotated_glyph_3bit_draw.o"
#        "C:\Users\obed.oyandut\OneDrive - D.Med Consulting
#        GmbH\Documents\Azure_RTOS\Guix_washing_machine_plus_source_files\sdram_debug\obj\azure-rtos\binary\guix\src\gx_display_driver_8bpp_rotated_glyph_4bit_draw.o"
#        "C:\Users\obed.oyandut\OneDrive - D.Med Consulting
#        GmbH\Documents\Azure_RTOS\Guix_washing_machine_plus_source_files\sdram_debug\obj\azure-rtos\binary\guix\src\gx_display_driver_8bpp_rotated_horizontal_line_draw.o"
#        "C:\Users\obed.oyandut\OneDrive - D.Med Consulting
#        GmbH\Documents\Azure_RTOS\Guix_washing_machine_plus_source_files\sdram_debug\obj\azure-rtos\binary\guix\src\gx_display_driver_8bpp_rotated_horizontal_pattern_line_draw.o"
#        "C:\Users\obed.oyandut\OneDrive - D.Med Consulting
#        GmbH\Documents\Azure_RTOS\Guix_washing_machine_plus_source_files\sdram_debug\obj\azure-rtos\binary\guix\src\gx_display_driver_8bpp_rotated_horizontal_pixelmap_line_draw.o"
#        "C:\Users\obed.oyandut\OneDrive - D.Med Consulting
#        GmbH\Documents\Azure_RTOS\Guix_washing_machine_plus_source_files\sdram_debug\obj\azure-rtos\binary\guix\src\gx_display_driver_8bpp_rotated_pixel_write.o"
#        "C:\Users\obed.oyandut\OneDrive - D.Med Consulting
#        GmbH\Documents\Azure_RTOS\Guix_washing_machine_plus_source_files\sdram_debug\obj\azure-rtos\binary\guix\src\gx_display_driver_8bpp_rotated_pixelmap_draw.o"
#        "C:\Users\obed.oyandut\OneDrive - D.Med Consulting
#        GmbH\Documents\Azure_RTOS\Guix_washing_machine_plus_source_files\sdram_debug\obj\azure-rtos\binary\guix\src\gx_display_driver_8bpp_rotated_pixelmap_rotate.o"
#        "C:\Users\obed.oyandut\OneDrive - D.Med Consulting
#        GmbH\Documents\Azure_RTOS\Guix_washing_machine_plus_source_files\sdram_debug\obj\azure-rtos\binary\guix\src\gx_display_driver_8bpp_rotated_simple_line_draw.o"
#        "C:\Users\obed.oyandut\OneDrive - D.Med Consulting
#        GmbH\Documents\Azure_RTOS\Guix_washing_machine_plus_source_files\sdram_debug\obj\azure-rtos\binary\guix\src\gx_display_driver_8bpp_rotated_vertical_line_draw.o"
#        "C:\Users\obed.oyandut\OneDrive - D.Med Consulting
#        GmbH\Documents\Azure_RTOS\Guix_washing_machine_plus_source_files\sdram_debug\obj\azure-rtos\binary\guix\src\gx_display_driver_8bpp_rotated_vertical_pattern_line_draw.o"
#        "C:\Users\obed.oyandut\OneDrive - D.Med Consulting
#        GmbH\Documents\Azure_RTOS\Guix_washing_machine_plus_source_files\sdram_debug\obj\azure-rtos\binary\guix\src\gx_display_driver_8bpp_row_pitch_get.o"
#        "C:\Users\obed.oyandut\OneDrive - D.Med Consulting
#        GmbH\Documents\Azure_RTOS\Guix_washing_machine_plus_source_files\sdram_debug\obj\azure-rtos\binary\guix\src\gx_display_driver_8bpp_simple_line_draw.o"
#        "C:\Users\obed.oyandut\OneDrive - D.Med Consulting
#        GmbH\Documents\Azure_RTOS\Guix_washing_machine_plus_source_files\sdram_debug\obj\azure-rtos\binary\guix\src\gx_display_driver_8bpp_vertical_line_draw.o"
#        "C:\Users\obed.oyandut\OneDrive - D.Med Consulting
#        GmbH\Documents\Azure_RTOS\Guix_washing_machine_plus_source_files\sdram_debug\obj\azure-rtos\binary\guix\src\gx_display_driver_8bpp_vertical_pattern_line_draw.o"
#        "C:\Users\obed.oyandut\OneDrive - D.Med Consulting
#        GmbH\Documents\Azure_RTOS\Guix_washing_machine_plus_source_files\sdram_debug\obj\azure-rtos\binary\guix\src\gx_display_driver_arc_clipping_get.o"
#        "C:\Users\obed.oyandut\OneDrive - D.Med Consulting
#        GmbH\Documents\Azure_RTOS\Guix_washing_machine_plus_source_files\sdram_debug\obj\azure-rtos\binary\guix\src\gx_display_driver_generic_aliased_arc_draw.o"
#        "C:\Users\obed.oyandut\OneDrive - D.Med Consulting
#        GmbH\Documents\Azure_RTOS\Guix_washing_machine_plus_source_files\sdram_debug\obj\azure-rtos\binary\guix\src\gx_display_driver_generic_aliased_circle_draw.o"
#        "C:\Users\obed.oyandut\OneDrive - D.Med Consulting
#        GmbH\Documents\Azure_RTOS\Guix_washing_machine_plus_source_files\sdram_debug\obj\azure-rtos\binary\guix\src\gx_display_driver_generic_aliased_ellipse_draw.o"
#        "C:\Users\obed.oyandut\OneDrive - D.Med Consulting
#        GmbH\Documents\Azure_RTOS\Guix_washing_machine_plus_source_files\sdram_debug\obj\azure-rtos\binary\guix\src\gx_display_driver_generic_aliased_filled_circle_draw.o"
#        "C:\Users\obed.oyandut\OneDrive - D.Med Consulting
#        GmbH\Documents\Azure_RTOS\Guix_washing_machine_plus_source_files\sdram_debug\obj\azure-rtos\binary\guix\src\gx_display_driver_generic_aliased_fixed_point_line_draw.o"
#        "C:\Users\obed.oyandut\OneDrive - D.Med Consulting
#        GmbH\Documents\Azure_RTOS\Guix_washing_machine_plus_source_files\sdram_debug\obj\azure-rtos\binary\guix\src\gx_display_driver_generic_aliased_line_draw.o"
#        "C:\Users\obed.oyandut\OneDrive - D.Med Consulting
#        GmbH\Documents\Azure_RTOS\Guix_washing_machine_plus_source_files\sdram_debug\obj\azure-rtos\binary\guix\src\gx_display_driver_generic_aliased_wide_arc_draw.o"
#        "C:\Users\obed.oyandut\OneDrive - D.Med Consulting
#        GmbH\Documents\Azure_RTOS\Guix_washing_machine_plus_source_files\sdram_debug\obj\azure-rtos\binary\guix\src\gx_display_driver_generic_aliased_wide_circle_draw.o"
#        "C:\Users\obed.oyandut\OneDrive - D.Med Consulting
#        GmbH\Documents\Azure_RTOS\Guix_washing_machine_plus_source_files\sdram_debug\obj\azure-rtos\binary\guix\src\gx_display_driver_generic_aliased_wide_ellipse_draw.o"
#        "C:\Users\obed.oyandut\OneDrive - D.Med Consulting
#        GmbH\Documents\Azure_RTOS\Guix_washing_machine_plus_source_files\sdram_debug\obj\azure-rtos\binary\guix\src\gx_display_driver_generic_aliased_wide_line_draw.o"
#        "C:\Users\obed.oyandut\OneDrive - D.Med Consulting
#        GmbH\Documents\Azure_RTOS\Guix_washing_machine_plus_source_files\sdram_debug\obj\azure-rtos\binary\guix\src\gx_display_driver_generic_alphamap_draw.o"
#        "C:\Users\obed.oyandut\OneDrive - D.Med Consulting
#        GmbH\Documents\Azure_RTOS\Guix_washing_machine_plus_source_files\sdram_debug\obj\azure-rtos\binary\guix\src\gx_display_driver_generic_arc_draw.o"
#        "C:\Users\obed.oyandut\OneDrive - D.Med Consulting
#        GmbH\Documents\Azure_RTOS\Guix_washing_machine_plus_source_files\sdram_debug\obj\azure-rtos\binary\guix\src\gx_display_driver_generic_arc_fill.o"
#        "C:\Users\obed.oyandut\OneDrive - D.Med Consulting
#        GmbH\Documents\Azure_RTOS\Guix_washing_machine_plus_source_files\sdram_debug\obj\azure-rtos\binary\guix\src\gx_display_driver_generic_circle_draw.o"
#        "C:\Users\obed.oyandut\OneDrive - D.Med Consulting
#        GmbH\Documents\Azure_RTOS\Guix_washing_machine_plus_source_files\sdram_debug\obj\azure-rtos\binary\guix\src\gx_display_driver_generic_circle_fill.o"
#        "C:\Users\obed.oyandut\OneDrive - D.Med Consulting
#        GmbH\Documents\Azure_RTOS\Guix_washing_machine_plus_source_files\sdram_debug\obj\azure-rtos\binary\guix\src\gx_display_driver_generic_drawing_complete.o"
#        "C:\Users\obed.oyandut\OneDrive - D.Med Consulting
#        GmbH\Documents\Azure_RTOS\Guix_washing_machine_plus_source_files\sdram_debug\obj\azure-rtos\binary\guix\src\gx_display_driver_generic_drawing_initiate.o"
#        "C:\Users\obed.oyandut\OneDrive - D.Med Consulting
#        GmbH\Documents\Azure_RTOS\Guix_washing_machine_plus_source_files\sdram_debug\obj\azure-rtos\binary\guix\src\gx_display_driver_generic_ellipse_draw.o"
#        "C:\Users\obed.oyandut\OneDrive - D.Med Consulting
#        GmbH\Documents\Azure_RTOS\Guix_washing_machine_plus_source_files\sdram_debug\obj\azure-rtos\binary\guix\src\gx_display_driver_generic_ellipse_fill.o"
#        "C:\Users\obed.oyandut\OneDrive - D.Med Consulting
#        GmbH\Documents\Azure_RTOS\Guix_washing_machine_plus_source_files\sdram_debug\obj\azure-rtos\binary\guix\src\gx_display_driver_generic_filled_circle_draw.o"
#        "C:\Users\obed.oyandut\OneDrive - D.Med Consulting
#        GmbH\Documents\Azure_RTOS\Guix_washing_machine_plus_source_files\sdram_debug\obj\azure-rtos\binary\guix\src\gx_display_driver_generic_glyph_4bpp_draw.o"
#        "C:\Users\obed.oyandut\OneDrive - D.Med Consulting
#        GmbH\Documents\Azure_RTOS\Guix_washing_machine_plus_source_files\sdram_debug\obj\azure-rtos\binary\guix\src\gx_display_driver_generic_glyph_8bpp_draw.o"
#        "C:\Users\obed.oyandut\OneDrive - D.Med Consulting
#        GmbH\Documents\Azure_RTOS\Guix_washing_machine_plus_source_files\sdram_debug\obj\azure-rtos\binary\guix\src\gx_display_driver_generic_mouse_cursor_define.o"
#        "C:\Users\obed.oyandut\OneDrive - D.Med Consulting
#        GmbH\Documents\Azure_RTOS\Guix_washing_machine_plus_source_files\sdram_debug\obj\azure-rtos\binary\guix\src\gx_display_driver_generic_mouse_draw.o"
#        "C:\Users\obed.oyandut\OneDrive - D.Med Consulting
#        GmbH\Documents\Azure_RTOS\Guix_washing_machine_plus_source_files\sdram_debug\obj\azure-rtos\binary\guix\src\gx_display_driver_generic_mouse_enable.o"
#        "C:\Users\obed.oyandut\OneDrive - D.Med Consulting
#        GmbH\Documents\Azure_RTOS\Guix_washing_machine_plus_source_files\sdram_debug\obj\azure-rtos\binary\guix\src\gx_display_driver_generic_mouse_position_set.o"
#        "C:\Users\obed.oyandut\OneDrive - D.Med Consulting
#        GmbH\Documents\Azure_RTOS\Guix_washing_machine_plus_source_files\sdram_debug\obj\azure-rtos\binary\guix\src\gx_display_driver_generic_pie_fill.o"
#        "C:\Users\obed.oyandut\OneDrive - D.Med Consulting
#        GmbH\Documents\Azure_RTOS\Guix_washing_machine_plus_source_files\sdram_debug\obj\azure-rtos\binary\guix\src\gx_display_driver_generic_polygon_draw.o"
#        "C:\Users\obed.oyandut\OneDrive - D.Med Consulting
#        GmbH\Documents\Azure_RTOS\Guix_washing_machine_plus_source_files\sdram_debug\obj\azure-rtos\binary\guix\src\gx_display_driver_generic_polygon_fill.o"
#        "C:\Users\obed.oyandut\OneDrive - D.Med Consulting
#        GmbH\Documents\Azure_RTOS\Guix_washing_machine_plus_source_files\sdram_debug\obj\azure-rtos\binary\guix\src\gx_display_driver_generic_rotated_alphamap_draw.o"
#        "C:\Users\obed.oyandut\OneDrive - D.Med Consulting
#        GmbH\Documents\Azure_RTOS\Guix_washing_machine_plus_source_files\sdram_debug\obj\azure-rtos\binary\guix\src\gx_display_driver_generic_rotated_arc_fill.o"
#        "C:\Users\obed.oyandut\OneDrive - D.Med Consulting
#        GmbH\Documents\Azure_RTOS\Guix_washing_machine_plus_source_files\sdram_debug\obj\azure-rtos\binary\guix\src\gx_display_driver_generic_rotated_circle_fill.o"
#        "C:\Users\obed.oyandut\OneDrive - D.Med Consulting
#        GmbH\Documents\Azure_RTOS\Guix_washing_machine_plus_source_files\sdram_debug\obj\azure-rtos\binary\guix\src\gx_display_driver_generic_rotated_ellipse_fill.o"
#        "C:\Users\obed.oyandut\OneDrive - D.Med Consulting
#        GmbH\Documents\Azure_RTOS\Guix_washing_machine_plus_source_files\sdram_debug\obj\azure-rtos\binary\guix\src\gx_display_driver_generic_rotated_glyph_4bit_draw.o"
#        "C:\Users\obed.oyandut\OneDrive - D.Med Consulting
#        GmbH\Documents\Azure_RTOS\Guix_washing_machine_plus_source_files\sdram_debug\obj\azure-rtos\binary\guix\src\gx_display_driver_generic_rotated_glyph_8bit_draw.o"
#        "C:\Users\obed.oyandut\OneDrive - D.Med Consulting
#        GmbH\Documents\Azure_RTOS\Guix_washing_machine_plus_source_files\sdram_debug\obj\azure-rtos\binary\guix\src\gx_display_driver_generic_rotated_pie_fill.o"
#        "C:\Users\obed.oyandut\OneDrive - D.Med Consulting
#        GmbH\Documents\Azure_RTOS\Guix_washing_machine_plus_source_files\sdram_debug\obj\azure-rtos\binary\guix\src\gx_display_driver_generic_rotated_polygon_fill.o"
#        "C:\Users\obed.oyandut\OneDrive - D.Med Consulting
#        GmbH\Documents\Azure_RTOS\Guix_washing_machine_plus_source_files\sdram_debug\obj\azure-rtos\binary\guix\src\gx_display_driver_generic_rotated_wide_line_fill.o"
#        "C:\Users\obed.oyandut\OneDrive - D.Med Consulting
#        GmbH\Documents\Azure_RTOS\Guix_washing_machine_plus_source_files\sdram_debug\obj\azure-rtos\binary\guix\src\gx_display_driver_generic_simple_pie_fill.o"
#        "C:\Users\obed.oyandut\OneDrive - D.Med Consulting
#        GmbH\Documents\Azure_RTOS\Guix_washing_machine_plus_source_files\sdram_debug\obj\azure-rtos\binary\guix\src\gx_display_driver_generic_simple_wide_line_draw.o"
#        "C:\Users\obed.oyandut\OneDrive - D.Med Consulting
#        GmbH\Documents\Azure_RTOS\Guix_washing_machine_plus_source_files\sdram_debug\obj\azure-rtos\binary\guix\src\gx_display_driver_generic_wide_arc_draw.o"
#        "C:\Users\obed.oyandut\OneDrive - D.Med Consulting
#        GmbH\Documents\Azure_RTOS\Guix_washing_machine_plus_source_files\sdram_debug\obj\azure-rtos\binary\guix\src\gx_display_driver_generic_wide_circle_draw.o"
#        "C:\Users\obed.oyandut\OneDrive - D.Med Consulting
#        GmbH\Documents\Azure_RTOS\Guix_washing_machine_plus_source_files\sdram_debug\obj\azure-rtos\binary\guix\src\gx_display_driver_generic_wide_ellipse_draw.o"
#        "C:\Users\obed.oyandut\OneDrive - D.Med Consulting
#        GmbH\Documents\Azure_RTOS\Guix_washing_machine_plus_source_files\sdram_debug\obj\azure-rtos\binary\guix\src\gx_display_driver_generic_wide_line_fill.o"
#        "C:\Users\obed.oyandut\OneDrive - D.Med Consulting
#        GmbH\Documents\Azure_RTOS\Guix_washing_machine_plus_source_files\sdram_debug\obj\azure-rtos\binary\guix\src\gx_display_driver_generic_wide_line_points_calculate.o"
#        "C:\Users\obed.oyandut\OneDrive - D.Med Consulting
#        GmbH\Documents\Azure_RTOS\Guix_washing_machine_plus_source_files\sdram_debug\obj\azure-rtos\binary\guix\src\gx_display_driver_horizontal_line_alpha_draw.o"
#        "C:\Users\obed.oyandut\OneDrive - D.Med Consulting
#        GmbH\Documents\Azure_RTOS\Guix_washing_machine_plus_source_files\sdram_debug\obj\source\gx_display_driver_imxrt10xx_565rgb.o"
#        "C:\Users\obed.oyandut\OneDrive - D.Med Consulting
#        GmbH\Documents\Azure_RTOS\Guix_washing_machine_plus_source_files\sdram_debug\obj\azure-rtos\binary\guix\src\gx_display_driver_monochrome_setup.o"
#        "C:\Users\obed.oyandut\OneDrive - D.Med Consulting
#        GmbH\Documents\Azure_RTOS\Guix_washing_machine_plus_source_files\sdram_debug\obj\azure-rtos\binary\guix\src\gx_display_driver_simple_line_alpha_draw.o"
#        "C:\Users\obed.oyandut\OneDrive - D.Med Consulting
#        GmbH\Documents\Azure_RTOS\Guix_washing_machine_plus_source_files\sdram_debug\obj\azure-rtos\binary\guix\src\gx_display_driver_vertical_line_alpha_draw.o"
#        "C:\Users\obed.oyandut\OneDrive - D.Med Consulting
#        GmbH\Documents\Azure_RTOS\Guix_washing_machine_plus_source_files\sdram_debug\obj\azure-rtos\binary\guix\src\gx_display_font_table_set.o"
#        "C:\Users\obed.oyandut\OneDrive - D.Med Consulting
#        GmbH\Documents\Azure_RTOS\Guix_washing_machine_plus_source_files\sdram_debug\obj\azure-rtos\binary\guix\src\gx_display_language_table_get.o"
#        "C:\Users\obed.oyandut\OneDrive - D.Med Consulting
#        GmbH\Documents\Azure_RTOS\Guix_washing_machine_plus_source_files\sdram_debug\obj\azure-rtos\binary\guix\src\gx_display_language_table_set.o"
#        "C:\Users\obed.oyandut\OneDrive - D.Med Consulting
#        GmbH\Documents\Azure_RTOS\Guix_washing_machine_plus_source_files\sdram_debug\obj\azure-rtos\binary\guix\src\gx_display_pixelmap_table_set.o"
#        "C:\Users\obed.oyandut\OneDrive - D.Med Consulting
#        GmbH\Documents\Azure_RTOS\Guix_washing_machine_plus_source_files\sdram_debug\obj\azure-rtos\binary\guix\src\gx_display_string_get.o"
#        "C:\Users\obed.oyandut\OneDrive - D.Med Consulting
#        GmbH\Documents\Azure_RTOS\Guix_washing_machine_plus_source_files\sdram_debug\obj\azure-rtos\binary\guix\src\gx_display_string_table_get.o"
#        "C:\Users\obed.oyandut\OneDrive - D.Med Consulting
#        GmbH\Documents\Azure_RTOS\Guix_washing_machine_plus_source_files\sdram_debug\obj\azure-rtos\binary\guix\src\gx_display_theme_install.o"
#        "C:\Users\obed.oyandut\OneDrive - D.Med Consulting
#        GmbH\Documents\Azure_RTOS\Guix_washing_machine_plus_source_files\sdram_debug\obj\source\gx_driver_imxrt10xx_irq.o"
#        "C:\Users\obed.oyandut\OneDrive - D.Med Consulting
#        GmbH\Documents\Azure_RTOS\Guix_washing_machine_plus_source_files\sdram_debug\obj\azure-rtos\binary\guix\src\gx_drop_list_background_draw.o"
#        "C:\Users\obed.oyandut\OneDrive - D.Med Consulting
#        GmbH\Documents\Azure_RTOS\Guix_washing_machine_plus_source_files\sdram_debug\obj\azure-rtos\binary\guix\src\gx_drop_list_close.o"
#        "C:\Users\obed.oyandut\OneDrive - D.Med Consulting
#        GmbH\Documents\Azure_RTOS\Guix_washing_machine_plus_source_files\sdram_debug\obj\azure-rtos\binary\guix\src\gx_drop_list_create.o"
#        "C:\Users\obed.oyandut\OneDrive - D.Med Consulting
#        GmbH\Documents\Azure_RTOS\Guix_washing_machine_plus_source_files\sdram_debug\obj\azure-rtos\binary\guix\src\gx_drop_list_draw.o"
#        "C:\Users\obed.oyandut\OneDrive - D.Med Consulting
#        GmbH\Documents\Azure_RTOS\Guix_washing_machine_plus_source_files\sdram_debug\obj\azure-rtos\binary\guix\src\gx_drop_list_event_process.o"
#        "C:\Users\obed.oyandut\OneDrive - D.Med Consulting
[...]
                        0x8004'a0e0      0x44  Data  Gb  sample_guix_washing_machine_specifications.o [11]
main_screen_remain_minute_label_properties
                        0x8020'0e20      0x14  Data  Gb  sample_guix_washing_machine_specifications.o [11]
main_screen_remain_minute_properties
                        0x8020'0e50      0x1c  Data  Gb  sample_guix_washing_machine_specifications.o [11]
main_screen_remainning_time_define
                        0x8004'a168      0x44  Data  Gb  sample_guix_washing_machine_specifications.o [11]
main_screen_remainning_time_properties
                        0x8020'0df8      0x14  Data  Gb  sample_guix_washing_machine_specifications.o [11]
main_screen_temperature_icon_define
                        0x8004'a80c      0x44  Data  Gb  sample_guix_washing_machine_specifications.o [11]
main_screen_temperature_icon_properties
                        0x8020'0f2c       0x8  Data  Gb  sample_guix_washing_machine_specifications.o [11]
main_screen_temperature_label_define
                        0x8004'a7c8      0x44  Data  Gb  sample_guix_washing_machine_specifications.o [11]
main_screen_temperature_label_properties
                        0x8020'0f34      0x14  Data  Gb  sample_guix_washing_machine_specifications.o [11]
main_screen_temperature_value_define
                        0x8004'a784      0x44  Data  Gb  sample_guix_washing_machine_specifications.o [11]
main_screen_temperature_value_properties
                        0x8020'0f48      0x14  Data  Gb  sample_guix_washing_machine_specifications.o [11]
main_screen_time_define
                        0x8004'ac08      0x44  Data  Gb  sample_guix_washing_machine_specifications.o [11]
main_screen_time_properties
                        0x8020'0c94      0x14  Data  Gb  sample_guix_washing_machine_specifications.o [11]
main_screen_washer_mode_define
                        0x8004'a124      0x44  Data  Gb  sample_guix_washing_machine_specifications.o [11]
main_screen_washer_mode_properties
                        0x8020'0e0c      0x14  Data  Gb  sample_guix_washing_machine_specifications.o [11]
main_screen_washer_on_icon_define
                        0x8004'a564      0x44  Data  Gb  sample_guix_washing_machine_specifications.o [11]
main_screen_washer_on_icon_properties
                        0x8020'0e78       0x8  Data  Gb  sample_guix_washing_machine_specifications.o [11]
main_screen_washer_on_label_define
                        0x8004'a520      0x44  Data  Gb  sample_guix_washing_machine_specifications.o [11]
main_screen_washer_on_label_properties
                        0x8020'0e80      0x14  Data  Gb  sample_guix_washing_machine_specifications.o [11]
main_screen_washer_on_window_define
                        0x8004'aaf8      0x44  Data  Gb  sample_guix_washing_machine_specifications.o [11]
main_screen_washer_on_window_properties
                        0x8021'3ed8       0x4  Data  Gb  sample_guix_washing_machine_specifications.o [11]
main_screen_water_level_icon_define
                        0x8004'a6fc      0x44  Data  Gb  sample_guix_washing_machine_specifications.o [11]
main_screen_water_level_icon_properties
                        0x8020'0edc       0x8  Data  Gb  sample_guix_washing_machine_specifications.o [11]
main_screen_water_level_label_define
                        0x8004'a6b8      0x44  Data  Gb  sample_guix_washing_machine_specifications.o [11]
main_screen_water_level_label_properties
                        0x8020'0ee4      0x14  Data  Gb  sample_guix_washing_machine_specifications.o [11]
main_screen_water_level_value_define
                        0x8004'a674      0x44  Data  Gb  sample_guix_washing_machine_specifications.o [11]
main_screen_water_level_value_properties
                        0x8020'0ef8      0x14  Data  Gb  sample_guix_washing_machine_specifications.o [11]
main_screen_widgets_enable_disable
                        0x8003'08cd      0x34  Code  Gb  guix_washing_machine.o [11]
memory_allocate         0x8003'05ef      0x1c  Code  Gb  guix_washing_machine.o [11]
memory_free             0x8003'060b       0x4  Code  Gb  guix_washing_machine.o [11]
memory_pool             0x8020'1100      0x34  Data  Gb  guix_washing_machine.o [11]
minute_prompt_format    0x8003'13b5      0x1e  Code  Gb  washer_on.o [11]
modf                    0x8001'ec91            Code  Gb  modf.o [18]
modfl                   0x8001'ec91            Code  Gb  modf.o [18]
pixelmap_button_alpha_draw
                        0x8003'087d      0x1a  Code  Gb  guix_washing_machine.o [11]
pixelmap_slider_alpha_draw
                        0x8003'0897      0x1a  Code  Gb  guix_washing_machine.o [11]
pow                     0x8001'ed31     0x4c4  Code  Gb  pow64.o [18]
power_off_callback      0x8020'd940       0x4  Data  Gb  guix_washing_machine.o [11]
power_on_callback       0x8020'd93c       0x4  Data  Gb  guix_washing_machine.o [11]
powl                    0x8001'ed31     0x4c4  Code  Gb  pow64.o [18]
prompt_alpha_draw       0x8003'0863      0x1a  Code  Gb  guix_washing_machine.o [11]
root                    0x8020'd934       0x4  Data  Gb  guix_washing_machine.o [11]
rotated_map             0x8020'10e4      0x1c  Data  Gb  garments.o [11]
rotated_map_create      0x8003'17af      0x4c  Code  Gb  garments.o [11]
s_LpuartAdapterBase     0x8004'ce20      0x24  Data  Lc  fsl_adapter_lpuart.o [8]
s_debugConsoleReadWaitSemaphore
                        0x8021'4544       0x1  Data  Lc  fsl_debug_console.o [14]
s_debugConsoleState     0x81e7'f800      0x20  Data  Lc  fsl_debug_console.o [14]
s_elcdifApbClocks       0x8001'34ae       0x2  Data  Lc  fsl_elcdif.o [10]
s_elcdifPixClocks       0x8001'85ea       0x2  Data  Lc  fsl_elcdif.o [10]
s_gpioBases             0x8004'db58      0x18  Data  Lc  fsl_gpio.o [10]
s_gpioClock             0x8004'e504       0xc  Data  Lc  fsl_gpio.o [10]
s_lpi2cMasterHandle     0x8020'1070      0x14  Data  Gb  fsl_lpi2c.o [10]
s_lpi2cMasterIsr        0x8020'106c       0x4  Data  Gb  fsl_lpi2c.o [10]
s_lpi2cSlaveHandle      0x8020'1088      0x14  Data  Lc  fsl_lpi2c.o [10]
s_lpi2cSlaveIsr         0x8020'1084       0x4  Data  Lc  fsl_lpi2c.o [10]
s_lpuartBases           0x8004'ce44      0x24  Data  Lc  fsl_lpuart.o [10]
s_lpuartClock           0x8004'ddc4      0x14  Data  Lc  fsl_lpuart.o [10]
s_lpuartHandle          0x8020'109c      0x24  Data  Gb  fsl_lpuart.o [10]
s_lpuartIsr             0x8020'10c0      0x24  Data  Gb  fsl_lpuart.o [10]
s_pixelFormatReg        0x8004'cb28      0x28  Data  Lc  fsl_elcdif.o [10]
s_pxpClocks             0x8001'b236       0x2  Data  Lc  fsl_pxp.o [10]
sample_guix_washing_machine_display_table
                        0x8020'09c0      0x34  Data  Gb  sample_guix_washing_machine_specifications.o [11]
sample_guix_washing_machine_widget_table
                        0x8004'cda8      0x28  Data  Gb  sample_guix_washing_machine_specifications.o [11]
scalbln                 0x8001'f6a1            Code  Gb  ldexp.o [18]
scalblnl                0x8001'f6a1            Code  Gb  ldexp.o [18]
scalbn                  0x8001'f6a1            Code  Gb  ldexp.o [18]
scalbnl                 0x8001'f6a1            Code  Gb  ldexp.o [18]
scratchpad              0x8020'1134    0xc800  Data  Gb  guix_washing_machine.o [11]
selected_index          0x8020'0060       0x4  Data  Lc  garments.o [11]
selected_index          0x8020'1030       0x4  Data  Lc  washer_on.o [11]
sin_value_table         0x8003'd394     0x168  Data  Lc  gx_utility_math_sin.o [1]
sqrt_table              0x8003'e81c     0x100  Data  Lc  gx_utility_math_sqrt.o [1]
strcmp                  0x8002'b701            Code  Gb  strcmp.o [19]
string_length_get       0x8003'09af      0x18  Code  Gb  guix_washing_machine.o [11]
strlen                  0x8001'f301            Code  Gb  strlen.o [19]
strncmp                 0x8001'323d      0x2a  Code  Gb  strncmp.o [17]
target_index            0x8020'0064       0x4  Data  Lc  garments.o [11]
target_needle_pixelmap  0x8021'3ee0       0x4  Data  Gb  temperature.o [11]
temperature_page_init   0x8003'1d0f      0x52  Code  Gb  temperature.o [11]
temperature_page_init::string_temperature
                        0x8004'e7f8       0xc  Data  Lc  temperature.o [11]
temperature_page_power_off
                        0x8003'1d61      0x1a  Code  Gb  temperature.o [11]
temperature_value_set   0x8003'1bf3     0x11c  Code  Gb  temperature.o [11]
temperature_window      0x8021'1508     0x3b0  Data  Gb  sample_guix_washing_machine_specifications.o [11]
temperature_window_define
                        0x8004'992c      0x44  Data  Gb  sample_guix_washing_machine_specifications.o [11]
temperature_window_draw
                        0x8003'1b09      0xa6  Code  Gb  temperature.o [11]
temperature_window_event_process
                        0x8003'1baf      0x44  Code  Gb  temperature.o [11]
temperature_window_properties
                        0x8021'3ec8       0x4  Data  Gb  sample_guix_washing_machine_specifications.o [11]
temperature_window_radial_slider_define
                        0x8004'9860      0x44  Data  Gb  sample_guix_washing_machine_specifications.o [11]
temperature_window_radial_slider_properties
                        0x8020'0a1c      0x24  Data  Gb  sample_guix_washing_machine_specifications.o [11]
temperature_window_temperature_label_define
                        0x8004'97d8      0x44  Data  Gb  sample_guix_washing_machine_specifications.o [11]
temperature_window_temperature_label_properties
                        0x8020'0a54      0x14  Data  Gb  sample_guix_washing_machine_specifications.o [11]
temperature_window_temperature_value_define
                        0x8004'9794      0x44  Data  Gb  sample_guix_washing_machine_specifications.o [11]
temperature_window_temperature_value_properties
                        0x8020'0a68      0x14  Data  Gb  sample_guix_washing_machine_specifications.o [11]
temperature_window_water_label_3_define
                        0x8004'9750      0x44  Data  Gb  sample_guix_washing_machine_specifications.o [11]
temperature_window_water_label_3_properties
                        0x8020'0a7c      0x14  Data  Gb  sample_guix_washing_machine_specifications.o [11]
temperature_window_water_label_define
                        0x8004'981c      0x44  Data  Gb  sample_guix_washing_machine_specifications.o [11]
temperature_window_water_label_properties
                        0x8020'0a40      0x14  Data  Gb  sample_guix_washing_machine_specifications.o [11]
temperature_window_water_t_cold_define
                        0x8004'98e8      0x44  Data  Gb  sample_guix_washing_machine_specifications.o [11]
temperature_window_water_t_cold_properties
                        0x8020'09f4      0x14  Data  Gb  sample_guix_washing_machine_specifications.o [11]
temperature_window_water_t_hot_define
                        0x8004'98a4      0x44  Data  Gb  sample_guix_washing_machine_specifications.o [11]
temperature_window_water_t_hot_properties
                        0x8020'0a08      0x14  Data  Gb  sample_guix_washing_machine_specifications.o [11]
tx_application_define   0x8003'060f      0x18  Code  Gb  guix_washing_machine.o [11]
tx_thread_fpu_disable   0x8003'23ef            Code  Gb  tx_thread_schedule.o [4]
tx_thread_fpu_enable    0x8003'23ef            Code  Gb  tx_thread_schedule.o [4]
usb1PllConfig_BOARD_BootClockRUN
                        0x8001'3416       0x2  Data  Gb  clock_config.o [5]
visible_frame           0x8020'dba0       0x4  Data  Lc  gx_display_driver_imxrt10xx_565rgb.o [11]
washer_mode_angles      0x8020'0fd0      0x18  Data  Gb  washer_on.o [11]
washer_mode_animation_update
                        0x8003'1315       0x4  Code  Gb  washer_on.o [11]
washer_mode_label_widgets
                        0x8020'1000      0x30  Data  Gb  washer_on.o [11]
washer_mode_label_widgets_update
                        0x8003'12b9      0x5c  Code  Gb  washer_on.o [11]
washer_mode_remain_minutes
                        0x8020'0fe8      0x18  Data  Gb  washer_on.o [11]
washer_mode_remain_minutes_update
                        0x8003'1319      0x66  Code  Gb  washer_on.o [11]
washer_on_page_init     0x8003'120b      0x78  Code  Gb  washer_on.o [11]
washer_on_page_init::string_washer_on
                        0x8004'e804       0xc  Data  Lc  washer_on.o [11]
washer_on_page_power_off
                        0x8003'1283      0x36  Code  Gb  washer_on.o [11]
washer_on_window_event_process
                        0x8003'10dd     0x12e  Code  Gb  washer_on.o [11]
water_level_animation_start
                        0x8003'19dd      0x16  Code  Gb  water_level.o [11]
water_level_animation_steps
                        0x8021'453c       0x4  Data  Gb  water_level.o [11]
water_level_animation_update
                        0x8003'19f3      0x62  Code  Gb  water_level.o [11]
water_level_index_get   0x8003'1ae5      0x24  Code  Gb  water_level.o [11]
water_level_label_widgets
                        0x8020'1048      0x14  Data  Gb  water_level.o [11]
water_level_page_init   0x8003'1981      0x48  Code  Gb  water_level.o [11]
water_level_page_init::string_water_level
                        0x8004'e810       0xc  Data  Lc  water_level.o [11]
water_level_page_power_off
                        0x8003'19c9      0x14  Code  Gb  water_level.o [11]
water_level_value_set   0x8003'1a55      0x66  Code  Gb  water_level.o [11]
water_level_values      0x8020'1034      0x14  Data  Gb  water_level.o [11]
water_level_window      0x8021'18b8     0x4f0  Data  Gb  sample_guix_washing_machine_specifications.o [11]
water_level_window_define
                        0x8004'9c18      0x44  Data  Gb  sample_guix_washing_machine_specifications.o [11]
water_level_window_draw
                        0x8003'182d      0xc4  Code  Gb  water_level.o [11]
water_level_window_event_process
                        0x8003'18f1      0x90  Code  Gb  water_level.o [11]
water_level_window_percent_label_define
                        0x8004'9970      0x44  Data  Gb  sample_guix_washing_machine_specifications.o [11]
water_level_window_percent_label_properties
                        0x8020'0ae8      0x14  Data  Gb  sample_guix_washing_machine_specifications.o [11]
water_level_window_properties
                        0x8021'3ecc       0x4  Data  Gb  sample_guix_washing_machine_specifications.o [11]
water_level_window_water_level_extra_high_define
                        0x8004'9b4c      0x44  Data  Gb  sample_guix_washing_machine_specifications.o [11]
water_level_window_water_level_extra_high_properties
                        0x8020'0afc      0x14  Data  Gb  sample_guix_washing_machine_specifications.o [11]
water_level_window_water_level_high_define
                        0x8004'9b08      0x44  Data  Gb  sample_guix_washing_machine_specifications.o [11]
water_level_window_water_level_high_properties
                        0x8020'0b10      0x14  Data  Gb  sample_guix_washing_machine_specifications.o [11]
water_level_window_water_level_label_define
                        0x8004'99f8      0x44  Data  Gb  sample_guix_washing_machine_specifications.o [11]
water_level_window_water_level_label_properties
                        0x8020'0ac0      0x14  Data  Gb  sample_guix_washing_machine_specifications.o [11]
water_level_window_water_level_low_define
                        0x8004'9a80      0x44  Data  Gb  sample_guix_washing_machine_specifications.o [11]
water_level_window_water_level_low_properties
                        0x8020'0b38      0x14  Data  Gb  sample_guix_washing_machine_specifications.o [11]
water_level_window_water_level_medium_define
                        0x8004'9ac4      0x44  Data  Gb  sample_guix_washing_machine_specifications.o [11]
water_level_window_water_level_medium_properties
                        0x8020'0b24      0x14  Data  Gb  sample_guix_washing_machine_specifications.o [11]
water_level_window_water_level_slider_background_define
                        0x8004'9bd4      0x44  Data  Gb  sample_guix_washing_machine_specifications.o [11]
water_level_window_water_level_slider_background_properties
                        0x8020'0a90       0x8  Data  Gb  sample_guix_washing_machine_specifications.o [11]
water_level_window_water_level_slider_define
                        0x8004'9b90      0x44  Data  Gb  sample_guix_washing_machine_specifications.o [11]
water_level_window_water_level_slider_properties
                        0x8020'0a98      0x28  Data  Gb  sample_guix_washing_machine_specifications.o [11]
water_level_window_water_level_value_define
                        0x8004'99b4      0x44  Data  Gb  sample_guix_washing_machine_specifications.o [11]
water_level_window_water_level_value_properties
                        0x8020'0ad4      0x14  Data  Gb  sample_guix_washing_machine_specifications.o [11]
water_level_window_water_level_very_low_define
                        0x8004'9a3c      0x44  Data  Gb  sample_guix_washing_machine_specifications.o [11]
water_level_window_water_level_very_low_properties
                        0x8020'0b4c      0x14  Data  Gb  sample_guix_washing_machine_specifications.o [11]
widget_enable_disable   0x8003'097d      0x32  Code  Gb  guix_washing_machine.o [11]
window_alpha_draw       0x8003'08b1      0x1a  Code  Gb  guix_washing_machine.o [11]


[1] = C:\Users\obed.oyandut\OneDrive - D.Med Consulting GmbH\Documents\Azure_RTOS\Guix_washing_machine_plus_source_files\sdram_debug\obj\azure-rtos\binary\guix\src
[2] = C:\Users\obed.oyandut\OneDrive - D.Med Consulting GmbH\Documents\Azure_RTOS\Guix_washing_machine_plus_source_files\sdram_debug\obj\azure-rtos\binary\threadx\src
[3] = C:\Users\obed.oyandut\OneDrive - D.Med Consulting GmbH\Documents\Azure_RTOS\Guix_washing_machine_plus_source_files\sdram_debug\obj\azure-rtos\threadx\ports\common
[4] = C:\Users\obed.oyandut\OneDrive - D.Med Consulting GmbH\Documents\Azure_RTOS\Guix_washing_machine_plus_source_files\sdram_debug\obj\azure-rtos\threadx\ports\cortex_m7\iar\src
[5] = C:\Users\obed.oyandut\OneDrive - D.Med Consulting GmbH\Documents\Azure_RTOS\Guix_washing_machine_plus_source_files\sdram_debug\obj\board
[6] = C:\Users\obed.oyandut\OneDrive - D.Med Consulting GmbH\Documents\Azure_RTOS\Guix_washing_machine_plus_source_files\sdram_debug\obj\component\lists
[7] = C:\Users\obed.oyandut\OneDrive - D.Med Consulting GmbH\Documents\Azure_RTOS\Guix_washing_machine_plus_source_files\sdram_debug\obj\component\serial_manager
[8] = C:\Users\obed.oyandut\OneDrive - D.Med Consulting GmbH\Documents\Azure_RTOS\Guix_washing_machine_plus_source_files\sdram_debug\obj\component\uart
[9] = C:\Users\obed.oyandut\OneDrive - D.Med Consulting GmbH\Documents\Azure_RTOS\Guix_washing_machine_plus_source_files\sdram_debug\obj\device
[10] = C:\Users\obed.oyandut\OneDrive - D.Med Consulting GmbH\Documents\Azure_RTOS\Guix_washing_machine_plus_source_files\sdram_debug\obj\drivers
[11] = C:\Users\obed.oyandut\OneDrive - D.Med Consulting GmbH\Documents\Azure_RTOS\Guix_washing_machine_plus_source_files\sdram_debug\obj\source
[12] = C:\Users\obed.oyandut\OneDrive - D.Med Consulting GmbH\Documents\Azure_RTOS\Guix_washing_machine_plus_source_files\sdram_debug\obj\startup
[13] = C:\Users\obed.oyandut\OneDrive - D.Med Consulting GmbH\Documents\Azure_RTOS\Guix_washing_machine_plus_source_files\sdram_debug\obj\touchpanel
[14] = C:\Users\obed.oyandut\OneDrive - D.Med Consulting GmbH\Documents\Azure_RTOS\Guix_washing_machine_plus_source_files\sdram_debug\obj\utilities
[15] = C:\Users\obed.oyandut\OneDrive - D.Med Consulting GmbH\Documents\Azure_RTOS\Guix_washing_machine_plus_source_files\sdram_debug\obj\video
[16] = C:\Users\obed.oyandut\OneDrive - D.Med Consulting GmbH\Documents\Azure_RTOS\Guix_washing_machine_plus_source_files\sdram_debug\obj\xip
[17] = dl7M_tln.a
[18] = m7M_tlv.a
[19] = rt7M_tl.a
[20] = shb_l.a

  148'240 bytes of readonly  code memory
  176'886 bytes of readonly  data memory
  607'589 bytes of readwrite data memory

Errors: none
Warnings: none
